Archive member included to satisfy reference by file (symbol)

D:/STM32CubeCLT_1.16.0/GNU-tools-for-STM32/bin/../lib/gcc/arm-none-eabi/12.3.1/thumb/v7-m/nofp\libgcc.a(_arm_muldf3.o)
                              CMakeFiles/shijian.elf.dir/oled/OLED.c.obj (__aeabi_dmul)
D:/STM32CubeCLT_1.16.0/GNU-tools-for-STM32/bin/../lib/gcc/arm-none-eabi/12.3.1/thumb/v7-m/nofp\libgcc.a(_arm_addsubdf3.o)
                              CMakeFiles/shijian.elf.dir/oled/OLED.c.obj (__aeabi_dsub)
D:/STM32CubeCLT_1.16.0/GNU-tools-for-STM32/bin/../lib/gcc/arm-none-eabi/12.3.1/thumb/v7-m/nofp\libgcc.a(_arm_muldivdf3.o)
                              CMakeFiles/shijian.elf.dir/oled/OLED.c.obj (__aeabi_ddiv)
D:/STM32CubeCLT_1.16.0/GNU-tools-for-STM32/bin/../lib/gcc/arm-none-eabi/12.3.1/thumb/v7-m/nofp\libgcc.a(_arm_cmpdf2.o)
                              CMakeFiles/shijian.elf.dir/oled/OLED.c.obj (__aeabi_dcmplt)
D:/STM32CubeCLT_1.16.0/GNU-tools-for-STM32/bin/../lib/gcc/arm-none-eabi/12.3.1/thumb/v7-m/nofp\libgcc.a(_arm_fixdfsi.o)
                              CMakeFiles/shijian.elf.dir/oled/OLED.c.obj (__aeabi_d2iz)
D:/STM32CubeCLT_1.16.0/GNU-tools-for-STM32/bin/../lib/gcc/arm-none-eabi/12.3.1/thumb/v7-m/nofp\libgcc.a(_arm_fixunsdfsi.o)
                              CMakeFiles/shijian.elf.dir/oled/OLED.c.obj (__aeabi_d2uiz)
D:/STM32CubeCLT_1.16.0/GNU-tools-for-STM32/bin/../lib/gcc/arm-none-eabi/12.3.1/thumb/v7-m/nofp\libgcc.a(_arm_truncdfsf2.o)
                              CMakeFiles/shijian.elf.dir/oled/OLED.c.obj (__aeabi_d2f)
D:/STM32CubeCLT_1.16.0/GNU-tools-for-STM32/bin/../lib/gcc/arm-none-eabi/12.3.1/thumb/v7-m/nofp\libgcc.a(_arm_addsubsf3.o)
                              CMakeFiles/shijian.elf.dir/oled/OLED.c.obj (__aeabi_fadd)
D:/STM32CubeCLT_1.16.0/GNU-tools-for-STM32/bin/../lib/gcc/arm-none-eabi/12.3.1/thumb/v7-m/nofp\libgcc.a(_arm_cmpsf2.o)
                              CMakeFiles/shijian.elf.dir/oled/OLED.c.obj (__aeabi_fcmple)
D:/STM32CubeCLT_1.16.0/GNU-tools-for-STM32/bin/../lib/gcc/arm-none-eabi/12.3.1/../../../../arm-none-eabi/lib/thumb/v7-m/nofp\libc.a(libc_a-exit.o)
                              D:/STM32CubeCLT_1.16.0/GNU-tools-for-STM32/bin/../lib/gcc/arm-none-eabi/12.3.1/../../../../arm-none-eabi/lib/thumb/v7-m/nofp/crt0.o (exit)
D:/STM32CubeCLT_1.16.0/GNU-tools-for-STM32/bin/../lib/gcc/arm-none-eabi/12.3.1/../../../../arm-none-eabi/lib/thumb/v7-m/nofp\libc.a(libc_a-findfp.o)
                              D:/STM32CubeCLT_1.16.0/GNU-tools-for-STM32/bin/../lib/gcc/arm-none-eabi/12.3.1/../../../../arm-none-eabi/lib/thumb/v7-m/nofp\libc.a(libc_a-exit.o) (__stdio_exit_handler)
D:/STM32CubeCLT_1.16.0/GNU-tools-for-STM32/bin/../lib/gcc/arm-none-eabi/12.3.1/../../../../arm-none-eabi/lib/thumb/v7-m/nofp\libc.a(libc_a-fwalk.o)
                              D:/STM32CubeCLT_1.16.0/GNU-tools-for-STM32/bin/../lib/gcc/arm-none-eabi/12.3.1/../../../../arm-none-eabi/lib/thumb/v7-m/nofp\libc.a(libc_a-findfp.o) (_fwalk_sglue)
D:/STM32CubeCLT_1.16.0/GNU-tools-for-STM32/bin/../lib/gcc/arm-none-eabi/12.3.1/../../../../arm-none-eabi/lib/thumb/v7-m/nofp\libc.a(libc_a-printf.o)
                              CMakeFiles/shijian.elf.dir/mup0605/MPU6050.c.obj (printf)
D:/STM32CubeCLT_1.16.0/GNU-tools-for-STM32/bin/../lib/gcc/arm-none-eabi/12.3.1/../../../../arm-none-eabi/lib/thumb/v7-m/nofp\libc.a(libc_a-setvbuf.o)
                              CMakeFiles/shijian.elf.dir/Core/Src/retarget.c.obj (setvbuf)
D:/STM32CubeCLT_1.16.0/GNU-tools-for-STM32/bin/../lib/gcc/arm-none-eabi/12.3.1/../../../../arm-none-eabi/lib/thumb/v7-m/nofp\libc.a(libc_a-sprintf.o)
                              CMakeFiles/shijian.elf.dir/mup0605/MPU6050.c.obj (sprintf)
D:/STM32CubeCLT_1.16.0/GNU-tools-for-STM32/bin/../lib/gcc/arm-none-eabi/12.3.1/../../../../arm-none-eabi/lib/thumb/v7-m/nofp\libc.a(libc_a-stdio.o)
                              D:/STM32CubeCLT_1.16.0/GNU-tools-for-STM32/bin/../lib/gcc/arm-none-eabi/12.3.1/../../../../arm-none-eabi/lib/thumb/v7-m/nofp\libc.a(libc_a-findfp.o) (__sread)
D:/STM32CubeCLT_1.16.0/GNU-tools-for-STM32/bin/../lib/gcc/arm-none-eabi/12.3.1/../../../../arm-none-eabi/lib/thumb/v7-m/nofp\libc.a(libc_a-vsprintf.o)
                              CMakeFiles/shijian.elf.dir/oled/OLED.c.obj (vsprintf)
D:/STM32CubeCLT_1.16.0/GNU-tools-for-STM32/bin/../lib/gcc/arm-none-eabi/12.3.1/../../../../arm-none-eabi/lib/thumb/v7-m/nofp\libc.a(libc_a-memset.o)
                              D:/STM32CubeCLT_1.16.0/GNU-tools-for-STM32/bin/../lib/gcc/arm-none-eabi/12.3.1/../../../../arm-none-eabi/lib/thumb/v7-m/nofp/crt0.o (memset)
D:/STM32CubeCLT_1.16.0/GNU-tools-for-STM32/bin/../lib/gcc/arm-none-eabi/12.3.1/../../../../arm-none-eabi/lib/thumb/v7-m/nofp\libc.a(libc_a-closer.o)
                              D:/STM32CubeCLT_1.16.0/GNU-tools-for-STM32/bin/../lib/gcc/arm-none-eabi/12.3.1/../../../../arm-none-eabi/lib/thumb/v7-m/nofp\libc.a(libc_a-stdio.o) (_close_r)
[...]
Memory Configuration

Name             Origin             Length             Attributes
RAM              0x20000000         0x00005000         xrw
FLASH            0x08000000         0x00010000         xr
*default*        0x00000000         0xffffffff

Linker script and memory map

LOAD D:/STM32CubeCLT_1.16.0/GNU-tools-for-STM32/bin/../lib/gcc/arm-none-eabi/12.3.1/thumb/v7-m/nofp/crti.o
LOAD D:/STM32CubeCLT_1.16.0/GNU-tools-for-STM32/bin/../lib/gcc/arm-none-eabi/12.3.1/thumb/v7-m/nofp/crtbegin.o
LOAD D:/STM32CubeCLT_1.16.0/GNU-tools-for-STM32/bin/../lib/gcc/arm-none-eabi/12.3.1/../../../../arm-none-eabi/lib/thumb/v7-m/nofp/crt0.o
LOAD CMakeFiles/shijian.elf.dir/Core/Src/dma.c.obj
LOAD CMakeFiles/shijian.elf.dir/Core/Src/gpio.c.obj
LOAD CMakeFiles/shijian.elf.dir/Core/Src/i2c.c.obj
LOAD CMakeFiles/shijian.elf.dir/Core/Src/main.c.obj
LOAD CMakeFiles/shijian.elf.dir/Core/Src/retarget.c.obj
LOAD CMakeFiles/shijian.elf.dir/Core/Src/stm32f1xx_hal_msp.c.obj
LOAD CMakeFiles/shijian.elf.dir/Core/Src/stm32f1xx_it.c.obj
LOAD CMakeFiles/shijian.elf.dir/Core/Src/syscalls.c.obj
LOAD CMakeFiles/shijian.elf.dir/Core/Src/sysmem.c.obj
LOAD CMakeFiles/shijian.elf.dir/Core/Src/system_stm32f1xx.c.obj
LOAD CMakeFiles/shijian.elf.dir/Core/Src/tim.c.obj
LOAD CMakeFiles/shijian.elf.dir/Core/Src/usart.c.obj
LOAD CMakeFiles/shijian.elf.dir/Core/Startup/startup_stm32f103c8tx.s.obj
LOAD CMakeFiles/shijian.elf.dir/Drivers/STM32F1xx_HAL_Driver/Src/stm32f1xx_hal.c.obj
LOAD CMakeFiles/shijian.elf.dir/Drivers/STM32F1xx_HAL_Driver/Src/stm32f1xx_hal_cortex.c.obj
LOAD CMakeFiles/shijian.elf.dir/Drivers/STM32F1xx_HAL_Driver/Src/stm32f1xx_hal_dma.c.obj
LOAD CMakeFiles/shijian.elf.dir/Drivers/STM32F1xx_HAL_Driver/Src/stm32f1xx_hal_exti.c.obj
LOAD CMakeFiles/shijian.elf.dir/Drivers/STM32F1xx_HAL_Driver/Src/stm32f1xx_hal_flash.c.obj
LOAD CMakeFiles/shijian.elf.dir/Drivers/STM32F1xx_HAL_Driver/Src/stm32f1xx_hal_flash_ex.c.obj
LOAD CMakeFiles/shijian.elf.dir/Drivers/STM32F1xx_HAL_Driver/Src/stm32f1xx_hal_gpio.c.obj
LOAD CMakeFiles/shijian.elf.dir/Drivers/STM32F1xx_HAL_Driver/Src/stm32f1xx_hal_gpio_ex.c.obj
LOAD CMakeFiles/shijian.elf.dir/Drivers/STM32F1xx_HAL_Driver/Src/stm32f1xx_hal_i2c.c.obj
LOAD CMakeFiles/shijian.elf.dir/Drivers/STM32F1xx_HAL_Driver/Src/stm32f1xx_hal_pwr.c.obj
LOAD CMakeFiles/shijian.elf.dir/Drivers/STM32F1xx_HAL_Driver/Src/stm32f1xx_hal_rcc.c.obj
LOAD CMakeFiles/shijian.elf.dir/Drivers/STM32F1xx_HAL_Driver/Src/stm32f1xx_hal_rcc_ex.c.obj
LOAD CMakeFiles/shijian.elf.dir/Drivers/STM32F1xx_HAL_Driver/Src/stm32f1xx_hal_tim.c.obj
LOAD CMakeFiles/shijian.elf.dir/Drivers/STM32F1xx_HAL_Driver/Src/stm32f1xx_hal_tim_ex.c.obj
LOAD CMakeFiles/shijian.elf.dir/Drivers/STM32F1xx_HAL_Driver/Src/stm32f1xx_hal_uart.c.obj
LOAD CMakeFiles/shijian.elf.dir/shuma/shuma.c.obj
LOAD CMakeFiles/shijian.elf.dir/mup0605/MPU6050.c.obj
LOAD CMakeFiles/shijian.elf.dir/iic/MyI2C.c.obj
LOAD CMakeFiles/shijian.elf.dir/oled/OLED.c.obj
LOAD CMakeFiles/shijian.elf.dir/oled/OLED_Data.c.obj
START GROUP
LOAD D:/STM32CubeCLT_1.16.0/GNU-tools-for-STM32/bin/../lib/gcc/arm-none-eabi/12.3.1/thumb/v7-m/nofp\libgcc.a
LOAD D:/STM32CubeCLT_1.16.0/GNU-tools-for-STM32/bin/../lib/gcc/arm-none-eabi/12.3.1/../../../../arm-none-eabi/lib/thumb/v7-m/nofp\libc.a
END GROUP
LOAD D:/STM32CubeCLT_1.16.0/GNU-tools-for-STM32/bin/../lib/gcc/arm-none-eabi/12.3.1/thumb/v7-m/nofp/crtend.o
LOAD D:/STM32CubeCLT_1.16.0/GNU-tools-for-STM32/bin/../lib/gcc/arm-none-eabi/12.3.1/thumb/v7-m/nofp/crtn.o
                0x20005000                        _estack = (ORIGIN (RAM) + LENGTH (RAM))
                0x00000200                        _Min_Heap_Size = 0x200
                0x00000400                        _Min_Stack_Size = 0x400

.isr_vector     0x08000000      0x10c
                0x08000000                        . = ALIGN (0x4)
 *(.isr_vector)
 .isr_vector    0x08000000      0x10c CMakeFiles/shijian.elf.dir/Core/Startup/startup_stm32f103c8tx.s.obj
                0x08000000                g_pfnVectors
                0x0800010c                        . = ALIGN (0x4)

.text           0x0800010c     0x327c
                0x0800010c                        . = ALIGN (0x4)
 *(.text)
 .text          0x0800010c       0x40 D:/STM32CubeCLT_1.16.0/GNU-tools-for-STM32/bin/../lib/gcc/arm-none-eabi/12.3.1/thumb/v7-m/nofp/crtbegin.o
 *(.text*)
 .text.MX_DMA_Init
                0x0800014c       0x44 CMakeFiles/shijian.elf.dir/Core/Src/dma.c.obj
                0x0800014c                MX_DMA_Init
 .text.MX_GPIO_Init
                0x08000190       0xdc CMakeFiles/shijian.elf.dir/Core/Src/gpio.c.obj
                0x08000190                MX_GPIO_Init
 .text.MX_I2C1_Init
                0x0800026c       0x3c CMakeFiles/shijian.elf.dir/Core/Src/i2c.c.obj
                0x0800026c                MX_I2C1_Init
 .text.HAL_I2C_MspInit
                0x080002a8       0x64 CMakeFiles/shijian.elf.dir/Core/Src/i2c.c.obj
                0x080002a8                HAL_I2C_MspInit
 .text.HAL_TIM_PeriodElapsedCallback
                0x0800030c        0x2 CMakeFiles/shijian.elf.dir/Core/Src/main.c.obj
                0x0800030c                HAL_TIM_PeriodElapsedCallback
 .text.Error_Handler
                0x0800030e        0x4 CMakeFiles/shijian.elf.dir/Core/Src/main.c.obj
                0x0800030e                Error_Handler
 .text.SystemClock_Config
                0x08000312       0x64 CMakeFiles/shijian.elf.dir/Core/Src/main.c.obj
                0x08000312                SystemClock_Config
 *fill*         0x08000376        0x2 
 .text.main     0x08000378       0x3c CMakeFiles/shijian.elf.dir/Core/Src/main.c.obj
                0x08000378                main
 .text.RetargetInit
                0x080003b4       0x30 CMakeFiles/shijian.elf.dir/Core/Src/retarget.c.obj
                0x080003b4                RetargetInit
 .text.__io_putchar
                0x080003e4       0x24 CMakeFiles/shijian.elf.dir/Core/Src/retarget.c.obj
                0x080003e4                __io_putchar
 .text.__io_getchar
                0x08000408       0x24 CMakeFiles/shijian.elf.dir/Core/Src/retarget.c.obj
                0x08000408                __io_getchar
 .text.HAL_MspInit
                0x0800042c       0x44 CMakeFiles/shijian.elf.dir/Core/Src/stm32f1xx_hal_msp.c.obj
                0x0800042c                HAL_MspInit
 .text.NMI_Handler
                0x08000470        0x2 CMakeFiles/shijian.elf.dir/Core/Src/stm32f1xx_it.c.obj
                0x08000470                NMI_Handler
 .text.HardFault_Handler
                0x08000472        0x2 CMakeFiles/shijian.elf.dir/Core/Src/stm32f1xx_it.c.obj
                0x08000472                HardFault_Handler
 .text.MemManage_Handler
                0x08000474        0x2 CMakeFiles/shijian.elf.dir/Core/Src/stm32f1xx_it.c.obj
                0x08000474                MemManage_Handler
 .text.BusFault_Handler
                0x08000476        0x2 CMakeFiles/shijian.elf.dir/Core/Src/stm32f1xx_it.c.obj
                0x08000476                BusFault_Handler
 .text.UsageFault_Handler
                0x08000478        0x2 CMakeFiles/shijian.elf.dir/Core/Src/stm32f1xx_it.c.obj
                0x08000478                UsageFault_Handler
 .text.SVC_Handler
                0x0800047a        0x2 CMakeFiles/shijian.elf.dir/Core/Src/stm32f1xx_it.c.obj
                0x0800047a                SVC_Handler
 .text.DebugMon_Handler
                0x0800047c        0x2 CMakeFiles/shijian.elf.dir/Core/Src/stm32f1xx_it.c.obj
                0x0800047c                DebugMon_Handler
 .text.PendSV_Handler
                0x0800047e        0x2 CMakeFiles/shijian.elf.dir/Core/Src/stm32f1xx_it.c.obj
                0x0800047e                PendSV_Handler
 .text.SysTick_Handler
                0x08000480        0x8 CMakeFiles/shijian.elf.dir/Core/Src/stm32f1xx_it.c.obj
                0x08000480                SysTick_Handler
 .text.DMA1_Channel4_IRQHandler
                0x08000488       0x10 CMakeFiles/shijian.elf.dir/Core/Src/stm32f1xx_it.c.obj
                0x08000488                DMA1_Channel4_IRQHandler
 .text.DMA1_Channel5_IRQHandler
                0x08000498       0x10 CMakeFiles/shijian.elf.dir/Core/Src/stm32f1xx_it.c.obj
                0x08000498                DMA1_Channel5_IRQHandler
 .text.TIM3_IRQHandler
                0x080004a8       0x10 CMakeFiles/shijian.elf.dir/Core/Src/stm32f1xx_it.c.obj
                0x080004a8                TIM3_IRQHandler
 .text._read    0x080004b8       0x20 CMakeFiles/shijian.elf.dir/Core/Src/syscalls.c.obj
                0x080004b8                _read
 .text._write   0x080004d8       0x1c CMakeFiles/shijian.elf.dir/Core/Src/syscalls.c.obj
                0x080004d8                _write
 .text._close   0x080004f4        0x6 CMakeFiles/shijian.elf.dir/Core/Src/syscalls.c.obj
                0x080004f4                _close
 .text._fstat   0x080004fa        0xa CMakeFiles/shijian.elf.dir/Core/Src/syscalls.c.obj
                0x080004fa                _fstat
 .text._lseek   0x08000504        0x4 CMakeFiles/shijian.elf.dir/Core/Src/syscalls.c.obj
                0x08000504                _lseek
 .text._sbrk    0x08000508       0x48 CMakeFiles/shijian.elf.dir/Core/Src/sysmem.c.obj
                0x08000508                _sbrk
 .text.SystemInit
                0x08000550        0x2 CMakeFiles/shijian.elf.dir/Core/Src/system_stm32f1xx.c.obj
                0x08000550                SystemInit
 *fill*         0x08000552        0x2 
 .text.MX_TIM3_Init
                0x08000554       0x70 CMakeFiles/shijian.elf.dir/Core/Src/tim.c.obj
                0x08000554                MX_TIM3_Init
 .text.HAL_TIM_Base_MspInit
                0x080005c4       0x40 CMakeFiles/shijian.elf.dir/Core/Src/tim.c.obj
                0x080005c4                HAL_TIM_Base_MspInit
 .text.MX_USART1_UART_Init
                0x08000604       0x34 CMakeFiles/shijian.elf.dir/Core/Src/usart.c.obj
                0x08000604                MX_USART1_UART_Init
 .text.HAL_UART_MspInit
                0x08000638       0xe0 CMakeFiles/shijian.elf.dir/Core/Src/usart.c.obj
                0x08000638                HAL_UART_MspInit
 .text.Reset_Handler
                0x08000718       0x48 CMakeFiles/shijian.elf.dir/Core/Startup/startup_stm32f103c8tx.s.obj
                0x08000718                Reset_Handler
 .text.Default_Handler
                0x08000760        0x2 CMakeFiles/shijian.elf.dir/Core/Startup/startup_stm32f103c8tx.s.obj
                0x08000760                RTC_Alarm_IRQHandler
                0x08000760                EXTI2_IRQHandler
                0x08000760                TIM1_CC_IRQHandler
                0x08000760                PVD_IRQHandler
                0x08000760                EXTI3_IRQHandler
                0x08000760                EXTI0_IRQHandler
                0x08000760                I2C2_EV_IRQHandler
                0x08000760                ADC1_2_IRQHandler
                0x08000760                SPI1_IRQHandler
                0x08000760                TAMPER_IRQHandler
                0x08000760                USART3_IRQHandler
                0x08000760                RTC_IRQHandler
                0x08000760                DMA1_Channel7_IRQHandler
                0x08000760                CAN1_RX1_IRQHandler
                0x08000760                TIM4_IRQHandler
                0x08000760                I2C1_EV_IRQHandler
                0x08000760                DMA1_Channel6_IRQHandler
                0x08000760                RCC_IRQHandler
                0x08000760                TIM1_TRG_COM_IRQHandler
                0x08000760                DMA1_Channel1_IRQHandler
                0x08000760                Default_Handler
                0x08000760                EXTI15_10_IRQHandler
                0x08000760                EXTI9_5_IRQHandler
                0x08000760                SPI2_IRQHandler
                0x08000760                EXTI4_IRQHandler
                0x08000760                USB_LP_CAN1_RX0_IRQHandler
                0x08000760                USB_HP_CAN1_TX_IRQHandler
                0x08000760                DMA1_Channel3_IRQHandler
                0x08000760                TIM1_UP_IRQHandler
                0x08000760                WWDG_IRQHandler
                0x08000760                TIM2_IRQHandler
                0x08000760                TIM1_BRK_IRQHandler
                0x08000760                EXTI1_IRQHandler
                0x08000760                USART2_IRQHandler
                0x08000760                I2C2_ER_IRQHandler
                0x08000760                DMA1_Channel2_IRQHandler
                0x08000760                CAN1_SCE_IRQHandler
                0x08000760                FLASH_IRQHandler
                0x08000760                USART1_IRQHandler
                0x08000760                I2C1_ER_IRQHandler
                0x08000760                USBWakeUp_IRQHandler
 *fill*         0x08000762        0x2 
 .text.HAL_InitTick
                0x08000764       0x4c CMakeFiles/shijian.elf.dir/Drivers/STM32F1xx_HAL_Driver/Src/stm32f1xx_hal.c.obj
                0x08000764                HAL_InitTick
 .text.HAL_Init
                0x080007b0       0x24 CMakeFiles/shijian.elf.dir/Drivers/STM32F1xx_HAL_Driver/Src/stm32f1xx_hal.c.obj
                0x080007b0                HAL_Init
 .text.HAL_IncTick
                0x080007d4       0x18 CMakeFiles/shijian.elf.dir/Drivers/STM32F1xx_HAL_Driver/Src/stm32f1xx_hal.c.obj
                0x080007d4                HAL_IncTick
 .text.HAL_GetTick
                0x080007ec        0xc CMakeFiles/shijian.elf.dir/Drivers/STM32F1xx_HAL_Driver/Src/stm32f1xx_hal.c.obj
                0x080007ec                HAL_GetTick
 .text.__NVIC_SetPriority
                0x080007f8       0x28 CMakeFiles/shijian.elf.dir/Drivers/STM32F1xx_HAL_Driver/Src/stm32f1xx_hal_cortex.c.obj
 .text.NVIC_EncodePriority
                0x08000820       0x3e CMakeFiles/shijian.elf.dir/Drivers/STM32F1xx_HAL_Driver/Src/stm32f1xx_hal_cortex.c.obj
 *fill*         0x0800085e        0x2 
 .text.HAL_NVIC_SetPriorityGrouping
                0x08000860       0x24 CMakeFiles/shijian.elf.dir/Drivers/STM32F1xx_HAL_Driver/Src/stm32f1xx_hal_cortex.c.obj
                0x08000860                HAL_NVIC_SetPriorityGrouping
 .text.HAL_NVIC_SetPriority
                0x08000884       0x20 CMakeFiles/shijian.elf.dir/Drivers/STM32F1xx_HAL_Driver/Src/stm32f1xx_hal_cortex.c.obj
                0x08000884                HAL_NVIC_SetPriority
 .text.HAL_NVIC_EnableIRQ
                0x080008a4       0x1c CMakeFiles/shijian.elf.dir/Drivers/STM32F1xx_HAL_Driver/Src/stm32f1xx_hal_cortex.c.obj
                0x080008a4                HAL_NVIC_EnableIRQ
 .text.HAL_SYSTICK_Config
                0x080008c0       0x28 CMakeFiles/shijian.elf.dir/Drivers/STM32F1xx_HAL_Driver/Src/stm32f1xx_hal_cortex.c.obj
                0x080008c0                HAL_SYSTICK_Config
 .text.HAL_DMA_Init
                0x080008e8       0x6c CMakeFiles/shijian.elf.dir/Drivers/STM32F1xx_HAL_Driver/Src/stm32f1xx_hal_dma.c.obj
                0x080008e8                HAL_DMA_Init
 .text.HAL_DMA_IRQHandler
                0x08000954      0x144 CMakeFiles/shijian.elf.dir/Drivers/STM32F1xx_HAL_Driver/Src/stm32f1xx_hal_dma.c.obj
                0x08000954                HAL_DMA_IRQHandler
 .text.HAL_GPIO_Init
                0x08000a98      0x21c CMakeFiles/shijian.elf.dir/Drivers/STM32F1xx_HAL_Driver/Src/stm32f1xx_hal_gpio.c.obj
                0x08000a98                HAL_GPIO_Init
 .text.HAL_GPIO_WritePin
                0x08000cb4        0xc CMakeFiles/shijian.elf.dir/Drivers/STM32F1xx_HAL_Driver/Src/stm32f1xx_hal_gpio.c.obj
                0x08000cb4                HAL_GPIO_WritePin
 .text.I2C_IsAcknowledgeFailed
                0x08000cc0       0x32 CMakeFiles/shijian.elf.dir/Drivers/STM32F1xx_HAL_Driver/Src/stm32f1xx_hal_i2c.c.obj
 .text.I2C_WaitOnFlagUntilTimeout
                0x08000cf2       0xaa CMakeFiles/shijian.elf.dir/Drivers/STM32F1xx_HAL_Driver/Src/stm32f1xx_hal_i2c.c.obj
 .text.I2C_WaitOnMasterAddressFlagUntilTimeout
                0x08000d9c       0xd6 CMakeFiles/shijian.elf.dir/Drivers/STM32F1xx_HAL_Driver/Src/stm32f1xx_hal_i2c.c.obj
 .text.I2C_WaitOnTXEFlagUntilTimeout
                0x08000e72       0x5e CMakeFiles/shijian.elf.dir/Drivers/STM32F1xx_HAL_Driver/Src/stm32f1xx_hal_i2c.c.obj
 .text.I2C_RequestMemoryWrite
                0x08000ed0       0xd8 CMakeFiles/shijian.elf.dir/Drivers/STM32F1xx_HAL_Driver/Src/stm32f1xx_hal_i2c.c.obj
 .text.I2C_WaitOnBTFFlagUntilTimeout
                0x08000fa8       0x5e CMakeFiles/shijian.elf.dir/Drivers/STM32F1xx_HAL_Driver/Src/stm32f1xx_hal_i2c.c.obj
 *fill*         0x08001006        0x2 
 .text.HAL_I2C_Init
                0x08001008      0x1bc CMakeFiles/shijian.elf.dir/Drivers/STM32F1xx_HAL_Driver/Src/stm32f1xx_hal_i2c.c.obj
                0x08001008                HAL_I2C_Init
 .text.HAL_I2C_Mem_Write
                0x080011c4      0x164 CMakeFiles/shijian.elf.dir/Drivers/STM32F1xx_HAL_Driver/Src/stm32f1xx_hal_i2c.c.obj
                0x080011c4                HAL_I2C_Mem_Write
 .text.RCC_Delay
                0x08001328       0x2c CMakeFiles/shijian.elf.dir/Drivers/STM32F1xx_HAL_Driver/Src/stm32f1xx_hal_rcc.c.obj
 .text.HAL_RCC_OscConfig
                0x08001354      0x410 CMakeFiles/shijian.elf.dir/Drivers/STM32F1xx_HAL_Driver/Src/stm32f1xx_hal_rcc.c.obj
                0x08001354                HAL_RCC_OscConfig
 .text.HAL_RCC_GetSysClockFreq
                0x08001764       0x54 CMakeFiles/shijian.elf.dir/Drivers/STM32F1xx_HAL_Driver/Src/stm32f1xx_hal_rcc.c.obj
                0x08001764                HAL_RCC_GetSysClockFreq
 .text.HAL_RCC_ClockConfig
                0x080017b8      0x16c CMakeFiles/shijian.elf.dir/Drivers/STM32F1xx_HAL_Driver/Src/stm32f1xx_hal_rcc.c.obj
                0x080017b8                HAL_RCC_ClockConfig
 .text.HAL_RCC_GetHCLKFreq
                0x08001924        0xc CMakeFiles/shijian.elf.dir/Drivers/STM32F1xx_HAL_Driver/Src/stm32f1xx_hal_rcc.c.obj
                0x08001924                HAL_RCC_GetHCLKFreq
 .text.HAL_RCC_GetPCLK1Freq
                0x08001930       0x20 CMakeFiles/shijian.elf.dir/Drivers/STM32F1xx_HAL_Driver/Src/stm32f1xx_hal_rcc.c.obj
                0x08001930                HAL_RCC_GetPCLK1Freq
 .text.HAL_RCC_GetPCLK2Freq
                0x08001950       0x20 CMakeFiles/shijian.elf.dir/Drivers/STM32F1xx_HAL_Driver/Src/stm32f1xx_hal_rcc.c.obj
                0x08001950                HAL_RCC_GetPCLK2Freq
 .text.TIM_TI1_ConfigInputStage
                0x08001970       0x24 CMakeFiles/shijian.elf.dir/Drivers/STM32F1xx_HAL_Driver/Src/stm32f1xx_hal_tim.c.obj
 .text.TIM_TI2_ConfigInputStage
                0x08001994       0x26 CMakeFiles/shijian.elf.dir/Drivers/STM32F1xx_HAL_Driver/Src/stm32f1xx_hal_tim.c.obj
 .text.TIM_ITRx_SetConfig
                0x080019ba       0x10 CMakeFiles/shijian.elf.dir/Drivers/STM32F1xx_HAL_Driver/Src/stm32f1xx_hal_tim.c.obj
 *fill*         0x080019ca        0x2 
 .text.HAL_TIM_Base_Start_IT
                0x080019cc       0x68 CMakeFiles/shijian.elf.dir/Drivers/STM32F1xx_HAL_Driver/Src/stm32f1xx_hal_tim.c.obj
                0x080019cc                HAL_TIM_Base_Start_IT
 .text.HAL_TIM_OC_DelayElapsedCallback
                0x08001a34        0x2 CMakeFiles/shijian.elf.dir/Drivers/STM32F1xx_HAL_Driver/Src/stm32f1xx_hal_tim.c.obj
                0x08001a34                HAL_TIM_OC_DelayElapsedCallback
 .text.HAL_TIM_IC_CaptureCallback
                0x08001a36        0x2 CMakeFiles/shijian.elf.dir/Drivers/STM32F1xx_HAL_Driver/Src/stm32f1xx_hal_tim.c.obj
                0x08001a36                HAL_TIM_IC_CaptureCallback
 .text.HAL_TIM_PWM_PulseFinishedCallback
                0x08001a38        0x2 CMakeFiles/shijian.elf.dir/Drivers/STM32F1xx_HAL_Driver/Src/stm32f1xx_hal_tim.c.obj
                0x08001a38                HAL_TIM_PWM_PulseFinishedCallback
 .text.HAL_TIM_TriggerCallback
                0x08001a3a        0x2 CMakeFiles/shijian.elf.dir/Drivers/STM32F1xx_HAL_Driver/Src/stm32f1xx_hal_tim.c.obj
                0x08001a3a                HAL_TIM_TriggerCallback
 .text.HAL_TIM_IRQHandler
                0x08001a3c      0x15e CMakeFiles/shijian.elf.dir/Drivers/STM32F1xx_HAL_Driver/Src/stm32f1xx_hal_tim.c.obj
                0x08001a3c                HAL_TIM_IRQHandler
 *fill*         0x08001b9a        0x2 
 .text.TIM_Base_SetConfig
                0x08001b9c       0x84 CMakeFiles/shijian.elf.dir/Drivers/STM32F1xx_HAL_Driver/Src/stm32f1xx_hal_tim.c.obj
                0x08001b9c                TIM_Base_SetConfig
 .text.HAL_TIM_Base_Init
                0x08001c20       0x58 CMakeFiles/shijian.elf.dir/Drivers/STM32F1xx_HAL_Driver/Src/stm32f1xx_hal_tim.c.obj
                0x08001c20                HAL_TIM_Base_Init
 .text.TIM_ETR_SetConfig
                0x08001c78       0x18 CMakeFiles/shijian.elf.dir/Drivers/STM32F1xx_HAL_Driver/Src/stm32f1xx_hal_tim.c.obj
                0x08001c78                TIM_ETR_SetConfig
 .text.HAL_TIM_ConfigClockSource
                0x08001c90       0xfe CMakeFiles/shijian.elf.dir/Drivers/STM32F1xx_HAL_Driver/Src/stm32f1xx_hal_tim.c.obj
                0x08001c90                HAL_TIM_ConfigClockSource
 *fill*         0x08001d8e        0x2 
 .text.HAL_TIMEx_MasterConfigSynchronization
                0x08001d90       0x6c CMakeFiles/shijian.elf.dir/Drivers/STM32F1xx_HAL_Driver/Src/stm32f1xx_hal_tim_ex.c.obj
                0x08001d90                HAL_TIMEx_MasterConfigSynchronization
 .text.HAL_TIMEx_CommutCallback
                0x08001dfc        0x2 CMakeFiles/shijian.elf.dir/Drivers/STM32F1xx_HAL_Driver/Src/stm32f1xx_hal_tim_ex.c.obj
                0x08001dfc                HAL_TIMEx_CommutCallback
 .text.HAL_TIMEx_BreakCallback
                0x08001dfe        0x2 CMakeFiles/shijian.elf.dir/Drivers/STM32F1xx_HAL_Driver/Src/stm32f1xx_hal_tim_ex.c.obj
                0x08001dfe                HAL_TIMEx_BreakCallback
 .text.UART_EndRxTransfer
                0x08001e00       0x5c CMakeFiles/shijian.elf.dir/Drivers/STM32F1xx_HAL_Driver/Src/stm32f1xx_hal_uart.c.obj
 .text.UART_SetConfig
                0x08001e5c       0x94 CMakeFiles/shijian.elf.dir/Drivers/STM32F1xx_HAL_Driver/Src/stm32f1xx_hal_uart.c.obj
 .text.UART_WaitOnFlagUntilTimeout
                0x08001ef0       0x86 CMakeFiles/shijian.elf.dir/Drivers/STM32F1xx_HAL_Driver/Src/stm32f1xx_hal_uart.c.obj
 .text.HAL_UART_Init
                0x08001f76       0x60 CMakeFiles/shijian.elf.dir/Drivers/STM32F1xx_HAL_Driver/Src/stm32f1xx_hal_uart.c.obj
                0x08001f76                HAL_UART_Init
 .text.HAL_UART_Transmit
                0x08001fd6       0xcc CMakeFiles/shijian.elf.dir/Drivers/STM32F1xx_HAL_Driver/Src/stm32f1xx_hal_uart.c.obj
                0x08001fd6                HAL_UART_Transmit
 .text.HAL_UART_Receive
                0x080020a2       0xd2 CMakeFiles/shijian.elf.dir/Drivers/STM32F1xx_HAL_Driver/Src/stm32f1xx_hal_uart.c.obj
                0x080020a2                HAL_UART_Receive
 .text.MPU6050_Init
                0x08002174       0xb8 CMakeFiles/shijian.elf.dir/mup0605/MPU6050.c.obj
                0x08002174                MPU6050_Init
 .text.OLED_W_SCL
                0x0800222c       0x24 CMakeFiles/shijian.elf.dir/oled/OLED.c.obj
                0x0800222c                OLED_W_SCL
 .text.OLED_W_SDA
                0x08002250       0x24 CMakeFiles/shijian.elf.dir/oled/OLED.c.obj
                0x08002250                OLED_W_SDA
 .text.OLED_GPIO_Init
                0x08002274       0x78 CMakeFiles/shijian.elf.dir/oled/OLED.c.obj
                0x08002274                OLED_GPIO_Init
 .text.OLED_I2C_Start
                0x080022ec       0x1c CMakeFiles/shijian.elf.dir/oled/OLED.c.obj
                0x080022ec                OLED_I2C_Start
 .text.OLED_I2C_Stop
                0x08002308       0x16 CMakeFiles/shijian.elf.dir/oled/OLED.c.obj
                0x08002308                OLED_I2C_Stop
 .text.OLED_I2C_SendByte
                0x0800231e       0x3a CMakeFiles/shijian.elf.dir/oled/OLED.c.obj
                0x0800231e                OLED_I2C_SendByte
 .text.OLED_WriteCommand
                0x08002358       0x20 CMakeFiles/shijian.elf.dir/oled/OLED.c.obj
                0x08002358                OLED_WriteCommand
 .text.OLED_WriteData
                0x08002378       0x2e CMakeFiles/shijian.elf.dir/oled/OLED.c.obj
                0x08002378                OLED_WriteData
 .text.OLED_SetCursor
                0x080023a6       0x20 CMakeFiles/shijian.elf.dir/oled/OLED.c.obj
                0x080023a6                OLED_SetCursor
 *fill*         0x080023c6        0x2 
 .text.OLED_Update
                0x080023c8       0x28 CMakeFiles/shijian.elf.dir/oled/OLED.c.obj
                0x080023c8                OLED_Update
 .text.OLED_Clear
                0x080023f0       0x2c CMakeFiles/shijian.elf.dir/oled/OLED.c.obj
                0x080023f0                OLED_Clear
 .text.OLED_Init
                0x0800241c       0x9a CMakeFiles/shijian.elf.dir/oled/OLED.c.obj
                0x0800241c                OLED_Init
 *fill*         0x080024b6        0x2 
 .text.std      0x080024b8       0x6c D:/STM32CubeCLT_1.16.0/GNU-tools-for-STM32/bin/../lib/gcc/arm-none-eabi/12.3.1/../../../../arm-none-eabi/lib/thumb/v7-m/nofp\libc.a(libc_a-findfp.o)
 .text.stdio_exit_handler
                0x08002524       0x18 D:/STM32CubeCLT_1.16.0/GNU-tools-for-STM32/bin/../lib/gcc/arm-none-eabi/12.3.1/../../../../arm-none-eabi/lib/thumb/v7-m/nofp\libc.a(libc_a-findfp.o)
 .text.cleanup_stdio
                0x0800253c       0x40 D:/STM32CubeCLT_1.16.0/GNU-tools-for-STM32/bin/../lib/gcc/arm-none-eabi/12.3.1/../../../../arm-none-eabi/lib/thumb/v7-m/nofp\libc.a(libc_a-findfp.o)
 .text.global_stdio_init.part.0
                0x0800257c       0x3c D:/STM32CubeCLT_1.16.0/GNU-tools-for-STM32/bin/../lib/gcc/arm-none-eabi/12.3.1/../../../../arm-none-eabi/lib/thumb/v7-m/nofp\libc.a(libc_a-findfp.o)
 .text.__sfp_lock_acquire
                0x080025b8        0xc D:/STM32CubeCLT_1.16.0/GNU-tools-for-STM32/bin/../lib/gcc/arm-none-eabi/12.3.1/../../../../arm-none-eabi/lib/thumb/v7-m/nofp\libc.a(libc_a-findfp.o)
                0x080025b8                __sfp_lock_acquire
 .text.__sfp_lock_release
                0x080025c4        0xc D:/STM32CubeCLT_1.16.0/GNU-tools-for-STM32/bin/../lib/gcc/arm-none-eabi/12.3.1/../../../../arm-none-eabi/lib/thumb/v7-m/nofp\libc.a(libc_a-findfp.o)
                0x080025c4                __sfp_lock_release
 .text.__sinit  0x080025d0       0x30 D:/STM32CubeCLT_1.16.0/GNU-tools-for-STM32/bin/../lib/gcc/arm-none-eabi/12.3.1/../../../../arm-none-eabi/lib/thumb/v7-m/nofp\libc.a(libc_a-findfp.o)
                0x080025d0                __sinit
 .text._fwalk_sglue
                0x08002600       0x3c D:/STM32CubeCLT_1.16.0/GNU-tools-for-STM32/bin/../lib/gcc/arm-none-eabi/12.3.1/../../../../arm-none-eabi/lib/thumb/v7-m/nofp\libc.a(libc_a-fwalk.o)
                0x08002600                _fwalk_sglue
 .text.setvbuf  0x0800263c      0x178 D:/STM32CubeCLT_1.16.0/GNU-tools-for-STM32/bin/../lib/gcc/arm-none-eabi/12.3.1/../../../../arm-none-eabi/lib/thumb/v7-m/nofp\libc.a(libc_a-setvbuf.o)
                0x0800263c                setvbuf
 .text.__sread  0x080027b4       0x22 D:/STM32CubeCLT_1.16.0/GNU-tools-for-STM32/bin/../lib/gcc/arm-none-eabi/12.3.1/../../../../arm-none-eabi/lib/thumb/v7-m/nofp\libc.a(libc_a-stdio.o)
                0x080027b4                __sread
 .text.__swrite
                0x080027d6       0x38 D:/STM32CubeCLT_1.16.0/GNU-tools-for-STM32/bin/../lib/gcc/arm-none-eabi/12.3.1/../../../../arm-none-eabi/lib/thumb/v7-m/nofp\libc.a(libc_a-stdio.o)
                0x080027d6                __swrite
 .text.__sseek  0x0800280e       0x24 D:/STM32CubeCLT_1.16.0/GNU-tools-for-STM32/bin/../lib/gcc/arm-none-eabi/12.3.1/../../../../arm-none-eabi/lib/thumb/v7-m/nofp\libc.a(libc_a-stdio.o)
                0x0800280e                __sseek
 .text.__sclose
                0x08002832        0x8 D:/STM32CubeCLT_1.16.0/GNU-tools-for-STM32/bin/../lib/gcc/arm-none-eabi/12.3.1/../../../../arm-none-eabi/lib/thumb/v7-m/nofp\libc.a(libc_a-stdio.o)
                0x08002832                __sclose
 .text.memset   0x0800283a       0x10 D:/STM32CubeCLT_1.16.0/GNU-tools-for-STM32/bin/../lib/gcc/arm-none-eabi/12.3.1/../../../../arm-none-eabi/lib/thumb/v7-m/nofp\libc.a(libc_a-memset.o)
                0x0800283a                memset
 *fill*         0x0800284a        0x2 
 .text._close_r
                0x0800284c       0x20 D:/STM32CubeCLT_1.16.0/GNU-tools-for-STM32/bin/../lib/gcc/arm-none-eabi/12.3.1/../../../../arm-none-eabi/lib/thumb/v7-m/nofp\libc.a(libc_a-closer.o)
                0x0800284c                _close_r
 .text._lseek_r
                0x0800286c       0x24 D:/STM32CubeCLT_1.16.0/GNU-tools-for-STM32/bin/../lib/gcc/arm-none-eabi/12.3.1/../../../../arm-none-eabi/lib/thumb/v7-m/nofp\libc.a(libc_a-lseekr.o)
                0x0800286c                _lseek_r
 .text._read_r  0x08002890       0x24 D:/STM32CubeCLT_1.16.0/GNU-tools-for-STM32/bin/../lib/gcc/arm-none-eabi/12.3.1/../../../../arm-none-eabi/lib/thumb/v7-m/nofp\libc.a(libc_a-readr.o)
                0x08002890                _read_r
 .text._write_r
                0x080028b4       0x24 D:/STM32CubeCLT_1.16.0/GNU-tools-for-STM32/bin/../lib/gcc/arm-none-eabi/12.3.1/../../../../arm-none-eabi/lib/thumb/v7-m/nofp\libc.a(libc_a-writer.o)
                0x080028b4                _write_r
 .text.__errno  0x080028d8        0xc D:/STM32CubeCLT_1.16.0/GNU-tools-for-STM32/bin/../lib/gcc/arm-none-eabi/12.3.1/../../../../arm-none-eabi/lib/thumb/v7-m/nofp\libc.a(libc_a-errno.o)
                0x080028d8                __errno
 .text.__libc_init_array
                0x080028e4       0x48 D:/STM32CubeCLT_1.16.0/GNU-tools-for-STM32/bin/../lib/gcc/arm-none-eabi/12.3.1/../../../../arm-none-eabi/lib/thumb/v7-m/nofp\libc.a(libc_a-init.o)
                0x080028e4                __libc_init_array
 .text.__retarget_lock_init_recursive
                0x0800292c        0x2 D:/STM32CubeCLT_1.16.0/GNU-tools-for-STM32/bin/../lib/gcc/arm-none-eabi/12.3.1/../../../../arm-none-eabi/lib/thumb/v7-m/nofp\libc.a(libc_a-lock.o)
                0x0800292c                __retarget_lock_init_recursive
 .text.__retarget_lock_close_recursive
                0x0800292e        0x2 D:/STM32CubeCLT_1.16.0/GNU-tools-for-STM32/bin/../lib/gcc/arm-none-eabi/12.3.1/../../../../arm-none-eabi/lib/thumb/v7-m/nofp\libc.a(libc_a-lock.o)
                0x0800292e                __retarget_lock_close_recursive
 .text.__retarget_lock_acquire_recursive
                0x08002930        0x2 D:/STM32CubeCLT_1.16.0/GNU-tools-for-STM32/bin/../lib/gcc/arm-none-eabi/12.3.1/../../../../arm-none-eabi/lib/thumb/v7-m/nofp\libc.a(libc_a-lock.o)
                0x08002930                __retarget_lock_acquire_recursive
 .text.__retarget_lock_release_recursive
                0x08002932        0x2 D:/STM32CubeCLT_1.16.0/GNU-tools-for-STM32/bin/../lib/gcc/arm-none-eabi/12.3.1/../../../../arm-none-eabi/lib/thumb/v7-m/nofp\libc.a(libc_a-lock.o)
                0x08002932                __retarget_lock_release_recursive
 .text.startup.register_fini
                0x08002934       0x14 D:/STM32CubeCLT_1.16.0/GNU-tools-for-STM32/bin/../lib/gcc/arm-none-eabi/12.3.1/../../../../arm-none-eabi/lib/thumb/v7-m/nofp\libc.a(libc_a-__call_atexit.o)
 .text.atexit   0x08002948        0xc D:/STM32CubeCLT_1.16.0/GNU-tools-for-STM32/bin/../lib/gcc/arm-none-eabi/12.3.1/../../../../arm-none-eabi/lib/thumb/v7-m/nofp\libc.a(libc_a-atexit.o)
                0x08002948                atexit
 .text._malloc_trim_r
                0x08002954       0xac D:/STM32CubeCLT_1.16.0/GNU-tools-for-STM32/bin/../lib/gcc/arm-none-eabi/12.3.1/../../../../arm-none-eabi/lib/thumb/v7-m/nofp\libc.a(libc_a-freer.o)
                0x08002954                _malloc_trim_r
 .text._free_r  0x08002a00      0x180 D:/STM32CubeCLT_1.16.0/GNU-tools-for-STM32/bin/../lib/gcc/arm-none-eabi/12.3.1/../../../../arm-none-eabi/lib/thumb/v7-m/nofp\libc.a(libc_a-freer.o)
                0x08002a00                _free_r
 .text.malloc   0x08002b80       0x10 D:/STM32CubeCLT_1.16.0/GNU-tools-for-STM32/bin/../lib/gcc/arm-none-eabi/12.3.1/../../../../arm-none-eabi/lib/thumb/v7-m/nofp\libc.a(libc_a-malloc.o)
                0x08002b80                malloc
 .text._malloc_r
                0x08002b90      0x474 D:/STM32CubeCLT_1.16.0/GNU-tools-for-STM32/bin/../lib/gcc/arm-none-eabi/12.3.1/../../../../arm-none-eabi/lib/thumb/v7-m/nofp\libc.a(libc_a-mallocr.o)
                0x08002b90                _malloc_r
 .text.__malloc_lock
                0x08003004        0xc D:/STM32CubeCLT_1.16.0/GNU-tools-for-STM32/bin/../lib/gcc/arm-none-eabi/12.3.1/../../../../arm-none-eabi/lib/thumb/v7-m/nofp\libc.a(libc_a-mlock.o)
                0x08003004                __malloc_lock
 .text.__malloc_unlock
                0x08003010        0xc D:/STM32CubeCLT_1.16.0/GNU-tools-for-STM32/bin/../lib/gcc/arm-none-eabi/12.3.1/../../../../arm-none-eabi/lib/thumb/v7-m/nofp\libc.a(libc_a-mlock.o)
                0x08003010                __malloc_unlock
 .text._fclose_r
                0x0800301c       0xaa D:/STM32CubeCLT_1.16.0/GNU-tools-for-STM32/bin/../lib/gcc/arm-none-eabi/12.3.1/../../../../arm-none-eabi/lib/thumb/v7-m/nofp\libc.a(libc_a-fclose.o)
                0x0800301c                _fclose_r
 *fill*         0x080030c6        0x2 
 .text.__sflush_r
                0x080030c8      0x108 D:/STM32CubeCLT_1.16.0/GNU-tools-for-STM32/bin/../lib/gcc/arm-none-eabi/12.3.1/../../../../arm-none-eabi/lib/thumb/v7-m/nofp\libc.a(libc_a-fflush.o)
                0x080030c8                __sflush_r
 .text._fflush_r
                0x080031d0       0x4a D:/STM32CubeCLT_1.16.0/GNU-tools-for-STM32/bin/../lib/gcc/arm-none-eabi/12.3.1/../../../../arm-none-eabi/lib/thumb/v7-m/nofp\libc.a(libc_a-fflush.o)
                0x080031d0                _fflush_r
 .text.__swhatbuf_r
                0x0800321a       0x50 D:/STM32CubeCLT_1.16.0/GNU-tools-for-STM32/bin/../lib/gcc/arm-none-eabi/12.3.1/../../../../arm-none-eabi/lib/thumb/v7-m/nofp\libc.a(libc_a-makebuf.o)
                0x0800321a                __swhatbuf_r
 *fill*         0x0800326a        0x2 
 .text._fstat_r
                0x0800326c       0x24 D:/STM32CubeCLT_1.16.0/GNU-tools-for-STM32/bin/../lib/gcc/arm-none-eabi/12.3.1/../../../../arm-none-eabi/lib/thumb/v7-m/nofp\libc.a(libc_a-fstatr.o)
                0x0800326c                _fstat_r
 .text._sbrk_r  0x08003290       0x20 D:/STM32CubeCLT_1.16.0/GNU-tools-for-STM32/bin/../lib/gcc/arm-none-eabi/12.3.1/../../../../arm-none-eabi/lib/thumb/v7-m/nofp\libc.a(libc_a-sbrkr.o)
                0x08003290                _sbrk_r
 .text.__libc_fini_array
                0x080032b0       0x28 D:/STM32CubeCLT_1.16.0/GNU-tools-for-STM32/bin/../lib/gcc/arm-none-eabi/12.3.1/../../../../arm-none-eabi/lib/thumb/v7-m/nofp\libc.a(libc_a-fini.o)
                0x080032b0                __libc_fini_array
 .text.sysconf  0x080032d8       0x18 D:/STM32CubeCLT_1.16.0/GNU-tools-for-STM32/bin/../lib/gcc/arm-none-eabi/12.3.1/../../../../arm-none-eabi/lib/thumb/v7-m/nofp\libc.a(libc_a-sysconf.o)
                0x080032d8                sysconf
 .text.__register_exitproc
                0x080032f0       0x80 D:/STM32CubeCLT_1.16.0/GNU-tools-for-STM32/bin/../lib/gcc/arm-none-eabi/12.3.1/../../../../arm-none-eabi/lib/thumb/v7-m/nofp\libc.a(libc_a-__atexit.o)
                0x080032f0                __register_exitproc
 *(.glue_7)
 .glue_7        0x08003370        0x0 linker stubs
 *(.glue_7t)
 .glue_7t       0x08003370        0x0 linker stubs
 *(.eh_frame)
 .eh_frame      0x08003370        0x0 D:/STM32CubeCLT_1.16.0/GNU-tools-for-STM32/bin/../lib/gcc/arm-none-eabi/12.3.1/thumb/v7-m/nofp/crtbegin.o
 *(.init)
 .init          0x08003370        0x4 D:/STM32CubeCLT_1.16.0/GNU-tools-for-STM32/bin/../lib/gcc/arm-none-eabi/12.3.1/thumb/v7-m/nofp/crti.o
                0x08003370                _init
 .init          0x08003374        0x8 D:/STM32CubeCLT_1.16.0/GNU-tools-for-STM32/bin/../lib/gcc/arm-none-eabi/12.3.1/thumb/v7-m/nofp/crtn.o
 *(.fini)
 .fini          0x0800337c        0x4 D:/STM32CubeCLT_1.16.0/GNU-tools-for-STM32/bin/../lib/gcc/arm-none-eabi/12.3.1/thumb/v7-m/nofp/crti.o
                0x0800337c                _fini
 .fini          0x08003380        0x8 D:/STM32CubeCLT_1.16.0/GNU-tools-for-STM32/bin/../lib/gcc/arm-none-eabi/12.3.1/thumb/v7-m/nofp/crtn.o
                0x08003388                        . = ALIGN (0x4)
                0x08003388                        _etext = .

.vfp11_veneer   0x08003388        0x0
 .vfp11_veneer  0x08003388        0x0 linker stubs

.v4_bx          0x08003388        0x0
 .v4_bx         0x08003388        0x0 linker stubs

.iplt           0x08003388        0x0
 .iplt          0x08003388        0x0 D:/STM32CubeCLT_1.16.0/GNU-tools-for-STM32/bin/../lib/gcc/arm-none-eabi/12.3.1/thumb/v7-m/nofp/crtbegin.o

.rodata         0x08003388       0x2c
                0x08003388                        . = ALIGN (0x4)
 *(.rodata)
 *(.rodata*)
 .rodata.APBPrescTable
                0x08003388        0x8 CMakeFiles/shijian.elf.dir/Core/Src/system_stm32f1xx.c.obj
                0x08003388                APBPrescTable
 .rodata.AHBPrescTable
                0x08003390       0x10 CMakeFiles/shijian.elf.dir/Core/Src/system_stm32f1xx.c.obj
                0x08003390                AHBPrescTable
 .rodata.aPredivFactorTable.0
                0x080033a0        0x2 CMakeFiles/shijian.elf.dir/Drivers/STM32F1xx_HAL_Driver/Src/stm32f1xx_hal_rcc.c.obj
 *fill*         0x080033a2        0x2 
 .rodata.aPLLMULFactorTable.1
                0x080033a4       0x10 CMakeFiles/shijian.elf.dir/Drivers/STM32F1xx_HAL_Driver/Src/stm32f1xx_hal_rcc.c.obj
                0x080033b4                        . = ALIGN (0x4)

.ARM.extab      0x080033b4        0x0
                0x080033b4                        . = ALIGN (0x4)
 *(.ARM.extab* .gnu.linkonce.armextab.*)
                0x080033b4                        . = ALIGN (0x4)

.ARM            0x080033b4        0x0
                0x080033b4                        . = ALIGN (0x4)
                0x080033b4                        __exidx_start = .
 *(.ARM.exidx*)
                0x080033b4                        __exidx_end = .
                0x080033b4                        . = ALIGN (0x4)

.preinit_array  0x080033b4        0x0
                0x080033b4                        . = ALIGN (0x4)
                0x080033b4                        PROVIDE (__preinit_array_start = .)
 *(.preinit_array*)
                0x080033b4                        PROVIDE (__preinit_array_end = .)
                0x080033b4                        . = ALIGN (0x4)

.init_array     0x080033b4        0x8
                0x080033b4                        . = ALIGN (0x4)
                0x080033b4                        PROVIDE (__init_array_start = .)
 *(SORT_BY_NAME(.init_array.*))
 .init_array.00000
                0x080033b4        0x4 D:/STM32CubeCLT_1.16.0/GNU-tools-for-STM32/bin/../lib/gcc/arm-none-eabi/12.3.1/../../../../arm-none-eabi/lib/thumb/v7-m/nofp\libc.a(libc_a-__call_atexit.o)
 *(.init_array*)
 .init_array    0x080033b8        0x4 D:/STM32CubeCLT_1.16.0/GNU-tools-for-STM32/bin/../lib/gcc/arm-none-eabi/12.3.1/thumb/v7-m/nofp/crtbegin.o
                0x080033bc                        PROVIDE (__init_array_end = .)
                0x080033bc                        . = ALIGN (0x4)

.fini_array     0x080033bc        0x4
                0x080033bc                        . = ALIGN (0x4)
                0x080033bc                        PROVIDE (__fini_array_start = .)
 *(SORT_BY_NAME(.fini_array.*))
 *(.fini_array*)
 .fini_array    0x080033bc        0x4 D:/STM32CubeCLT_1.16.0/GNU-tools-for-STM32/bin/../lib/gcc/arm-none-eabi/12.3.1/thumb/v7-m/nofp/crtbegin.o
                0x080033c0                        PROVIDE (__fini_array_end = .)
                0x080033c0                        . = ALIGN (0x4)
                0x080033c0                        _sidata = LOADADDR (.data)

.rel.dyn        0x080033c0        0x0
 .rel.iplt      0x080033c0        0x0 D:/STM32CubeCLT_1.16.0/GNU-tools-for-STM32/bin/../lib/gcc/arm-none-eabi/12.3.1/thumb/v7-m/nofp/crtbegin.o

.data           0x20000000      0x554 load address 0x080033c0
                0x20000000                        . = ALIGN (0x4)
                0x20000000                        _sdata = .
 *(.data)
 *(.data*)
 .data.SystemCoreClock
                0x20000000        0x4 CMakeFiles/shijian.elf.dir/Core/Src/system_stm32f1xx.c.obj
                0x20000000                SystemCoreClock
 .data.uwTickFreq
                0x20000004        0x1 CMakeFiles/shijian.elf.dir/Drivers/STM32F1xx_HAL_Driver/Src/stm32f1xx_hal.c.obj
                0x20000004                uwTickFreq
 *fill*         0x20000005        0x3 
 .data.uwTickPrio
                0x20000008        0x4 CMakeFiles/shijian.elf.dir/Drivers/STM32F1xx_HAL_Driver/Src/stm32f1xx_hal.c.obj
                0x20000008                uwTickPrio
 .data.__sglue  0x2000000c        0xc D:/STM32CubeCLT_1.16.0/GNU-tools-for-STM32/bin/../lib/gcc/arm-none-eabi/12.3.1/../../../../arm-none-eabi/lib/thumb/v7-m/nofp\libc.a(libc_a-findfp.o)
                0x2000000c                __sglue
 .data._impure_ptr
                0x20000018        0x4 D:/STM32CubeCLT_1.16.0/GNU-tools-for-STM32/bin/../lib/gcc/arm-none-eabi/12.3.1/../../../../arm-none-eabi/lib/thumb/v7-m/nofp\libc.a(libc_a-impure.o)
                0x20000018                _impure_ptr
 *fill*         0x2000001c        0x4 
 .data._impure_data
                0x20000020      0x120 D:/STM32CubeCLT_1.16.0/GNU-tools-for-STM32/bin/../lib/gcc/arm-none-eabi/12.3.1/../../../../arm-none-eabi/lib/thumb/v7-m/nofp\libc.a(libc_a-impure.o)
                0x20000020                _impure_data
 .data.__atexit_recursive_mutex
                0x20000140        0x4 D:/STM32CubeCLT_1.16.0/GNU-tools-for-STM32/bin/../lib/gcc/arm-none-eabi/12.3.1/../../../../arm-none-eabi/lib/thumb/v7-m/nofp\libc.a(libc_a-__call_atexit.o)
                0x20000140                __atexit_recursive_mutex
 .data.__malloc_sbrk_base
                0x20000144        0x4 D:/STM32CubeCLT_1.16.0/GNU-tools-for-STM32/bin/../lib/gcc/arm-none-eabi/12.3.1/../../../../arm-none-eabi/lib/thumb/v7-m/nofp\libc.a(libc_a-mallocr.o)
                0x20000144                __malloc_sbrk_base
 .data.__malloc_trim_threshold
                0x20000148        0x4 D:/STM32CubeCLT_1.16.0/GNU-tools-for-STM32/bin/../lib/gcc/arm-none-eabi/12.3.1/../../../../arm-none-eabi/lib/thumb/v7-m/nofp\libc.a(libc_a-mallocr.o)
                0x20000148                __malloc_trim_threshold
 .data.__malloc_av_
                0x2000014c      0x408 D:/STM32CubeCLT_1.16.0/GNU-tools-for-STM32/bin/../lib/gcc/arm-none-eabi/12.3.1/../../../../arm-none-eabi/lib/thumb/v7-m/nofp\libc.a(libc_a-mallocr.o)
                0x2000014c                __malloc_av_
 *(.RamFunc)
 *(.RamFunc*)
                0x20000554                        . = ALIGN (0x4)
                0x20000554                        _edata = .

.igot.plt       0x20000554        0x0 load address 0x08003914
 .igot.plt      0x20000554        0x0 D:/STM32CubeCLT_1.16.0/GNU-tools-for-STM32/bin/../lib/gcc/arm-none-eabi/12.3.1/thumb/v7-m/nofp/crtbegin.o
                0x20000554                        . = ALIGN (0x4)

.bss            0x20000554      0x8a0 load address 0x08003914
                0x20000554                        _sbss = .
                0x20000554                        __bss_start__ = _sbss
 *(.bss)
 .bss           0x20000554       0x1c D:/STM32CubeCLT_1.16.0/GNU-tools-for-STM32/bin/../lib/gcc/arm-none-eabi/12.3.1/thumb/v7-m/nofp/crtbegin.o
 *(.bss*)
 .bss.hi2c1     0x20000570       0x54 CMakeFiles/shijian.elf.dir/Core/Src/i2c.c.obj
                0x20000570                hi2c1
 .bss.sg_hUart  0x200005c4        0x4 CMakeFiles/shijian.elf.dir/Core/Src/retarget.c.obj
 .bss.__sbrk_heap_end
                0x200005c8        0x4 CMakeFiles/shijian.elf.dir/Core/Src/sysmem.c.obj
 .bss.htim3     0x200005cc       0x48 CMakeFiles/shijian.elf.dir/Core/Src/tim.c.obj
                0x200005cc                htim3
 .bss.hdma_usart1_tx
                0x20000614       0x44 CMakeFiles/shijian.elf.dir/Core/Src/usart.c.obj
                0x20000614                hdma_usart1_tx
 .bss.hdma_usart1_rx
                0x20000658       0x44 CMakeFiles/shijian.elf.dir/Core/Src/usart.c.obj
                0x20000658                hdma_usart1_rx
 .bss.huart1    0x2000069c       0x48 CMakeFiles/shijian.elf.dir/Core/Src/usart.c.obj
                0x2000069c                huart1
 .bss.uwTick    0x200006e4        0x4 CMakeFiles/shijian.elf.dir/Drivers/STM32F1xx_HAL_Driver/Src/stm32f1xx_hal.c.obj
                0x200006e4                uwTick
 .bss.OLED_DisplayBuf
                0x200006e8      0x400 CMakeFiles/shijian.elf.dir/oled/OLED.c.obj
                0x200006e8                OLED_DisplayBuf
 .bss.__sf      0x20000ae8      0x138 D:/STM32CubeCLT_1.16.0/GNU-tools-for-STM32/bin/../lib/gcc/arm-none-eabi/12.3.1/../../../../arm-none-eabi/lib/thumb/v7-m/nofp\libc.a(libc_a-findfp.o)
                0x20000ae8                __sf
 .bss.__stdio_exit_handler
                0x20000c20        0x4 D:/STM32CubeCLT_1.16.0/GNU-tools-for-STM32/bin/../lib/gcc/arm-none-eabi/12.3.1/../../../../arm-none-eabi/lib/thumb/v7-m/nofp\libc.a(libc_a-findfp.o)
                0x20000c20                __stdio_exit_handler
 .bss.errno     0x20000c24        0x4 D:/STM32CubeCLT_1.16.0/GNU-tools-for-STM32/bin/../lib/gcc/arm-none-eabi/12.3.1/../../../../arm-none-eabi/lib/thumb/v7-m/nofp\libc.a(libc_a-reent.o)
                0x20000c24                errno
 .bss.__lock___malloc_recursive_mutex
                0x20000c28        0x1 D:/STM32CubeCLT_1.16.0/GNU-tools-for-STM32/bin/../lib/gcc/arm-none-eabi/12.3.1/../../../../arm-none-eabi/lib/thumb/v7-m/nofp\libc.a(libc_a-lock.o)
                0x20000c28                __lock___malloc_recursive_mutex
 .bss.__lock___atexit_recursive_mutex
                0x20000c29        0x1 D:/STM32CubeCLT_1.16.0/GNU-tools-for-STM32/bin/../lib/gcc/arm-none-eabi/12.3.1/../../../../arm-none-eabi/lib/thumb/v7-m/nofp\libc.a(libc_a-lock.o)
                0x20000c29                __lock___atexit_recursive_mutex
 .bss.__lock___sfp_recursive_mutex
                0x20000c2a        0x1 D:/STM32CubeCLT_1.16.0/GNU-tools-for-STM32/bin/../lib/gcc/arm-none-eabi/12.3.1/../../../../arm-none-eabi/lib/thumb/v7-m/nofp\libc.a(libc_a-lock.o)
                0x20000c2a                __lock___sfp_recursive_mutex
 *fill*         0x20000c2b        0x1 
 .bss.__atexit  0x20000c2c        0x4 D:/STM32CubeCLT_1.16.0/GNU-tools-for-STM32/bin/../lib/gcc/arm-none-eabi/12.3.1/../../../../arm-none-eabi/lib/thumb/v7-m/nofp\libc.a(libc_a-__call_atexit.o)
                0x20000c2c                __atexit
 .bss.__malloc_current_mallinfo
                0x20000c30       0x28 D:/STM32CubeCLT_1.16.0/GNU-tools-for-STM32/bin/../lib/gcc/arm-none-eabi/12.3.1/../../../../arm-none-eabi/lib/thumb/v7-m/nofp\libc.a(libc_a-mallocr.o)
                0x20000c30                __malloc_current_mallinfo
 .bss.__malloc_max_total_mem
                0x20000c58        0x4 D:/STM32CubeCLT_1.16.0/GNU-tools-for-STM32/bin/../lib/gcc/arm-none-eabi/12.3.1/../../../../arm-none-eabi/lib/thumb/v7-m/nofp\libc.a(libc_a-mallocr.o)
                0x20000c58                __malloc_max_total_mem
 .bss.__malloc_max_sbrked_mem
                0x20000c5c        0x4 D:/STM32CubeCLT_1.16.0/GNU-tools-for-STM32/bin/../lib/gcc/arm-none-eabi/12.3.1/../../../../arm-none-eabi/lib/thumb/v7-m/nofp\libc.a(libc_a-mallocr.o)
                0x20000c5c                __malloc_max_sbrked_mem
 .bss.__malloc_top_pad
                0x20000c60        0x4 D:/STM32CubeCLT_1.16.0/GNU-tools-for-STM32/bin/../lib/gcc/arm-none-eabi/12.3.1/../../../../arm-none-eabi/lib/thumb/v7-m/nofp\libc.a(libc_a-mallocr.o)
                0x20000c60                __malloc_top_pad
 .bss.__atexit0
                0x20000c64      0x190 D:/STM32CubeCLT_1.16.0/GNU-tools-for-STM32/bin/../lib/gcc/arm-none-eabi/12.3.1/../../../../arm-none-eabi/lib/thumb/v7-m/nofp\libc.a(libc_a-__atexit.o)
                0x20000c64                __atexit0
 *(COMMON)
                0x20000df4                        . = ALIGN (0x4)
                0x20000df4                        _ebss = .
                0x20000df4                        __bss_end__ = _ebss

._user_heap_stack
                0x20000df4      0x604 load address 0x08003914
                0x20000df8                        . = ALIGN (0x8)
 *fill*         0x20000df4        0x4 
                [!provide]                        PROVIDE (end = .)
                0x20000df8                        PROVIDE (_end = .)
                0x20000ff8                        . = (. + _Min_Heap_Size)
 *fill*         0x20000df8      0x200 
                0x200013f8                        . = (. + _Min_Stack_Size)
 *fill*         0x20000ff8      0x400 
                0x200013f8                        . = ALIGN (0x8)

/DISCARD/
 libc.a(*)
 libm.a(*)
 libgcc.a(*)

.ARM.attributes
                0x00000000       0x29
 *(.ARM.attributes)
 .ARM.attributes
                0x00000000       0x1d D:/STM32CubeCLT_1.16.0/GNU-tools-for-STM32/bin/../lib/gcc/arm-none-eabi/12.3.1/thumb/v7-m/nofp/crti.o
 .ARM.attributes
                0x0000001d       0x2d D:/STM32CubeCLT_1.16.0/GNU-tools-for-STM32/bin/../lib/gcc/arm-none-eabi/12.3.1/thumb/v7-m/nofp/crtbegin.o
 .ARM.attributes
                0x0000004a       0x2d CMakeFiles/shijian.elf.dir/Core/Src/dma.c.obj
 .ARM.attributes
                0x00000077       0x2d CMakeFiles/shijian.elf.dir/Core/Src/gpio.c.obj
 .ARM.attributes
                0x000000a4       0x2d CMakeFiles/shijian.elf.dir/Core/Src/i2c.c.obj
 .ARM.attributes
                0x000000d1       0x2d CMakeFiles/shijian.elf.dir/Core/Src/main.c.obj
 .ARM.attributes
                0x000000fe       0x2d CMakeFiles/shijian.elf.dir/Core/Src/retarget.c.obj
 .ARM.attributes
                0x0000012b       0x2d CMakeFiles/shijian.elf.dir/Core/Src/stm32f1xx_hal_msp.c.obj
 .ARM.attributes
                0x00000158       0x2d CMakeFiles/shijian.elf.dir/Core/Src/stm32f1xx_it.c.obj
 .ARM.attributes
                0x00000185       0x2d CMakeFiles/shijian.elf.dir/Core/Src/syscalls.c.obj
 .ARM.attributes
                0x000001b2       0x2d CMakeFiles/shijian.elf.dir/Core/Src/sysmem.c.obj
 .ARM.attributes
                0x000001df       0x2d CMakeFiles/shijian.elf.dir/Core/Src/system_stm32f1xx.c.obj
 .ARM.attributes
                0x0000020c       0x2d CMakeFiles/shijian.elf.dir/Core/Src/tim.c.obj
 .ARM.attributes
                0x00000239       0x2d CMakeFiles/shijian.elf.dir/Core/Src/usart.c.obj
 .ARM.attributes
                0x00000266       0x21 CMakeFiles/shijian.elf.dir/Core/Startup/startup_stm32f103c8tx.s.obj
 .ARM.attributes
                0x00000287       0x2d CMakeFiles/shijian.elf.dir/Drivers/STM32F1xx_HAL_Driver/Src/stm32f1xx_hal.c.obj
 .ARM.attributes
                0x000002b4       0x2d CMakeFiles/shijian.elf.dir/Drivers/STM32F1xx_HAL_Driver/Src/stm32f1xx_hal_cortex.c.obj
 .ARM.attributes
                0x000002e1       0x2d CMakeFiles/shijian.elf.dir/Drivers/STM32F1xx_HAL_Driver/Src/stm32f1xx_hal_dma.c.obj
 .ARM.attributes
                0x0000030e       0x2d CMakeFiles/shijian.elf.dir/Drivers/STM32F1xx_HAL_Driver/Src/stm32f1xx_hal_gpio.c.obj
 .ARM.attributes
                0x0000033b       0x2d CMakeFiles/shijian.elf.dir/Drivers/STM32F1xx_HAL_Driver/Src/stm32f1xx_hal_i2c.c.obj
 .ARM.attributes
                0x00000368       0x2d CMakeFiles/shijian.elf.dir/Drivers/STM32F1xx_HAL_Driver/Src/stm32f1xx_hal_rcc.c.obj
 .ARM.attributes
                0x00000395       0x2d CMakeFiles/shijian.elf.dir/Drivers/STM32F1xx_HAL_Driver/Src/stm32f1xx_hal_tim.c.obj
 .ARM.attributes
                0x000003c2       0x2d CMakeFiles/shijian.elf.dir/Drivers/STM32F1xx_HAL_Driver/Src/stm32f1xx_hal_tim_ex.c.obj
 .ARM.attributes
                0x000003ef       0x2d CMakeFiles/shijian.elf.dir/Drivers/STM32F1xx_HAL_Driver/Src/stm32f1xx_hal_uart.c.obj
 .ARM.attributes
                0x0000041c       0x2d CMakeFiles/shijian.elf.dir/mup0605/MPU6050.c.obj
 .ARM.attributes
                0x00000449       0x2d CMakeFiles/shijian.elf.dir/oled/OLED.c.obj
 .ARM.attributes
                0x00000476       0x2d D:/STM32CubeCLT_1.16.0/GNU-tools-for-STM32/bin/../lib/gcc/arm-none-eabi/12.3.1/../../../../arm-none-eabi/lib/thumb/v7-m/nofp\libc.a(libc_a-findfp.o)
 .ARM.attributes
                0x000004a3       0x2d D:/STM32CubeCLT_1.16.0/GNU-tools-for-STM32/bin/../lib/gcc/arm-none-eabi/12.3.1/../../../../arm-none-eabi/lib/thumb/v7-m/nofp\libc.a(libc_a-fwalk.o)
 .ARM.attributes
                0x000004d0       0x2d D:/STM32CubeCLT_1.16.0/GNU-tools-for-STM32/bin/../lib/gcc/arm-none-eabi/12.3.1/../../../../arm-none-eabi/lib/thumb/v7-m/nofp\libc.a(libc_a-setvbuf.o)
 .ARM.attributes
                0x000004fd       0x2d D:/STM32CubeCLT_1.16.0/GNU-tools-for-STM32/bin/../lib/gcc/arm-none-eabi/12.3.1/../../../../arm-none-eabi/lib/thumb/v7-m/nofp\libc.a(libc_a-stdio.o)
 .ARM.attributes
                0x0000052a       0x2d D:/STM32CubeCLT_1.16.0/GNU-tools-for-STM32/bin/../lib/gcc/arm-none-eabi/12.3.1/../../../../arm-none-eabi/lib/thumb/v7-m/nofp\libc.a(libc_a-memset.o)
 .ARM.attributes
                0x00000557       0x2d D:/STM32CubeCLT_1.16.0/GNU-tools-for-STM32/bin/../lib/gcc/arm-none-eabi/12.3.1/../../../../arm-none-eabi/lib/thumb/v7-m/nofp\libc.a(libc_a-closer.o)
 .ARM.attributes
                0x00000584       0x2d D:/STM32CubeCLT_1.16.0/GNU-tools-for-STM32/bin/../lib/gcc/arm-none-eabi/12.3.1/../../../../arm-none-eabi/lib/thumb/v7-m/nofp\libc.a(libc_a-reent.o)
 .ARM.attributes
                0x000005b1       0x2d D:/STM32CubeCLT_1.16.0/GNU-tools-for-STM32/bin/../lib/gcc/arm-none-eabi/12.3.1/../../../../arm-none-eabi/lib/thumb/v7-m/nofp\libc.a(libc_a-impure.o)
 .ARM.attributes
                0x000005de       0x2d D:/STM32CubeCLT_1.16.0/GNU-tools-for-STM32/bin/../lib/gcc/arm-none-eabi/12.3.1/../../../../arm-none-eabi/lib/thumb/v7-m/nofp\libc.a(libc_a-lseekr.o)
 .ARM.attributes
                0x0000060b       0x2d D:/STM32CubeCLT_1.16.0/GNU-tools-for-STM32/bin/../lib/gcc/arm-none-eabi/12.3.1/../../../../arm-none-eabi/lib/thumb/v7-m/nofp\libc.a(libc_a-readr.o)
 .ARM.attributes
                0x00000638       0x2d D:/STM32CubeCLT_1.16.0/GNU-tools-for-STM32/bin/../lib/gcc/arm-none-eabi/12.3.1/../../../../arm-none-eabi/lib/thumb/v7-m/nofp\libc.a(libc_a-writer.o)
 .ARM.attributes
                0x00000665       0x2d D:/STM32CubeCLT_1.16.0/GNU-tools-for-STM32/bin/../lib/gcc/arm-none-eabi/12.3.1/../../../../arm-none-eabi/lib/thumb/v7-m/nofp\libc.a(libc_a-errno.o)
 .ARM.attributes
                0x00000692       0x2d D:/STM32CubeCLT_1.16.0/GNU-tools-for-STM32/bin/../lib/gcc/arm-none-eabi/12.3.1/../../../../arm-none-eabi/lib/thumb/v7-m/nofp\libc.a(libc_a-init.o)
 .ARM.attributes
                0x000006bf       0x2d D:/STM32CubeCLT_1.16.0/GNU-tools-for-STM32/bin/../lib/gcc/arm-none-eabi/12.3.1/../../../../arm-none-eabi/lib/thumb/v7-m/nofp\libc.a(libc_a-lock.o)
 .ARM.attributes
                0x000006ec       0x2d D:/STM32CubeCLT_1.16.0/GNU-tools-for-STM32/bin/../lib/gcc/arm-none-eabi/12.3.1/../../../../arm-none-eabi/lib/thumb/v7-m/nofp\libc.a(libc_a-__call_atexit.o)
 .ARM.attributes
                0x00000719       0x2d D:/STM32CubeCLT_1.16.0/GNU-tools-for-STM32/bin/../lib/gcc/arm-none-eabi/12.3.1/../../../../arm-none-eabi/lib/thumb/v7-m/nofp\libc.a(libc_a-atexit.o)
 .ARM.attributes
                0x00000746       0x2d D:/STM32CubeCLT_1.16.0/GNU-tools-for-STM32/bin/../lib/gcc/arm-none-eabi/12.3.1/../../../../arm-none-eabi/lib/thumb/v7-m/nofp\libc.a(libc_a-freer.o)
 .ARM.attributes
                0x00000773       0x2d D:/STM32CubeCLT_1.16.0/GNU-tools-for-STM32/bin/../lib/gcc/arm-none-eabi/12.3.1/../../../../arm-none-eabi/lib/thumb/v7-m/nofp\libc.a(libc_a-malloc.o)
 .ARM.attributes
                0x000007a0       0x2d D:/STM32CubeCLT_1.16.0/GNU-tools-for-STM32/bin/../lib/gcc/arm-none-eabi/12.3.1/../../../../arm-none-eabi/lib/thumb/v7-m/nofp\libc.a(libc_a-mallocr.o)
 .ARM.attributes
                0x000007cd       0x2d D:/STM32CubeCLT_1.16.0/GNU-tools-for-STM32/bin/../lib/gcc/arm-none-eabi/12.3.1/../../../../arm-none-eabi/lib/thumb/v7-m/nofp\libc.a(libc_a-mlock.o)
 .ARM.attributes
                0x000007fa       0x2d D:/STM32CubeCLT_1.16.0/GNU-tools-for-STM32/bin/../lib/gcc/arm-none-eabi/12.3.1/../../../../arm-none-eabi/lib/thumb/v7-m/nofp\libc.a(libc_a-fclose.o)
 .ARM.attributes
                0x00000827       0x2d D:/STM32CubeCLT_1.16.0/GNU-tools-for-STM32/bin/../lib/gcc/arm-none-eabi/12.3.1/../../../../arm-none-eabi/lib/thumb/v7-m/nofp\libc.a(libc_a-fflush.o)
 .ARM.attributes
                0x00000854       0x2d D:/STM32CubeCLT_1.16.0/GNU-tools-for-STM32/bin/../lib/gcc/arm-none-eabi/12.3.1/../../../../arm-none-eabi/lib/thumb/v7-m/nofp\libc.a(libc_a-makebuf.o)
 .ARM.attributes
                0x00000881       0x2d D:/STM32CubeCLT_1.16.0/GNU-tools-for-STM32/bin/../lib/gcc/arm-none-eabi/12.3.1/../../../../arm-none-eabi/lib/thumb/v7-m/nofp\libc.a(libc_a-fstatr.o)
 .ARM.attributes
                0x000008ae       0x2d D:/STM32CubeCLT_1.16.0/GNU-tools-for-STM32/bin/../lib/gcc/arm-none-eabi/12.3.1/../../../../arm-none-eabi/lib/thumb/v7-m/nofp\libc.a(libc_a-sbrkr.o)
 .ARM.attributes
                0x000008db       0x2d D:/STM32CubeCLT_1.16.0/GNU-tools-for-STM32/bin/../lib/gcc/arm-none-eabi/12.3.1/../../../../arm-none-eabi/lib/thumb/v7-m/nofp\libc.a(libc_a-fini.o)
 .ARM.attributes
                0x00000908       0x2d D:/STM32CubeCLT_1.16.0/GNU-tools-for-STM32/bin/../lib/gcc/arm-none-eabi/12.3.1/../../../../arm-none-eabi/lib/thumb/v7-m/nofp\libc.a(libc_a-sysconf.o)
 .ARM.attributes
                0x00000935       0x2d D:/STM32CubeCLT_1.16.0/GNU-tools-for-STM32/bin/../lib/gcc/arm-none-eabi/12.3.1/../../../../arm-none-eabi/lib/thumb/v7-m/nofp\libc.a(libc_a-__atexit.o)
 .ARM.attributes
                0x00000962       0x1d D:/STM32CubeCLT_1.16.0/GNU-tools-for-STM32/bin/../lib/gcc/arm-none-eabi/12.3.1/thumb/v7-m/nofp/crtn.o
OUTPUT(shijian.elf elf32-littlearm)
LOAD linker stubs
LOAD D:/STM32CubeCLT_1.16.0/GNU-tools-for-STM32/bin/../lib/gcc/arm-none-eabi/12.3.1/../../../../arm-none-eabi/lib/thumb/v7-m/nofp\libc.a
LOAD D:/STM32CubeCLT_1.16.0/GNU-tools-for-STM32/bin/../lib/gcc/arm-none-eabi/12.3.1/../../../../arm-none-eabi/lib/thumb/v7-m/nofp\libm.a
LOAD D:/STM32CubeCLT_1.16.0/GNU-tools-for-STM32/bin/../lib/gcc/arm-none-eabi/12.3.1/thumb/v7-m/nofp\libgcc.a

.debug_info     0x00000000    0x18046
 .debug_info    0x00000000      0x32b CMakeFiles/shijian.elf.dir/Core/Src/dma.c.obj
 .debug_info    0x0000032b      0x37d CMakeFiles/shijian.elf.dir/Core/Src/gpio.c.obj
 .debug_info    0x000006a8      0x857 CMakeFiles/shijian.elf.dir/Core/Src/i2c.c.obj
 .debug_info    0x00000eff      0xbc1 CMakeFiles/shijian.elf.dir/Core/Src/main.c.obj
 .debug_info    0x00001ac0      0xdaa CMakeFiles/shijian.elf.dir/Core/Src/retarget.c.obj
 .debug_info    0x0000286a      0x1f4 CMakeFiles/shijian.elf.dir/Core/Src/stm32f1xx_hal_msp.c.obj
 .debug_info    0x00002a5e      0x718 CMakeFiles/shijian.elf.dir/Core/Src/stm32f1xx_it.c.obj
 .debug_info    0x00003176      0x783 CMakeFiles/shijian.elf.dir/Core/Src/syscalls.c.obj
 .debug_info    0x000038f9      0x171 CMakeFiles/shijian.elf.dir/Core/Src/sysmem.c.obj
 .debug_info    0x00003a6a      0x22d CMakeFiles/shijian.elf.dir/Core/Src/system_stm32f1xx.c.obj
 .debug_info    0x00003c97      0xa6c CMakeFiles/shijian.elf.dir/Core/Src/tim.c.obj
 .debug_info    0x00004703      0x8b2 CMakeFiles/shijian.elf.dir/Core/Src/usart.c.obj
 .debug_info    0x00004fb5       0x30 CMakeFiles/shijian.elf.dir/Core/Startup/startup_stm32f103c8tx.s.obj
 .debug_info    0x00004fe5      0x7a2 CMakeFiles/shijian.elf.dir/Drivers/STM32F1xx_HAL_Driver/Src/stm32f1xx_hal.c.obj
 .debug_info    0x00005787      0xcad CMakeFiles/shijian.elf.dir/Drivers/STM32F1xx_HAL_Driver/Src/stm32f1xx_hal_cortex.c.obj
 .debug_info    0x00006434      0x7da CMakeFiles/shijian.elf.dir/Drivers/STM32F1xx_HAL_Driver/Src/stm32f1xx_hal_dma.c.obj
 .debug_info    0x00006c0e      0x606 CMakeFiles/shijian.elf.dir/Drivers/STM32F1xx_HAL_Driver/Src/stm32f1xx_hal_gpio.c.obj
 .debug_info    0x00007214     0x38c3 CMakeFiles/shijian.elf.dir/Drivers/STM32F1xx_HAL_Driver/Src/stm32f1xx_hal_i2c.c.obj
 .debug_info    0x0000aad7      0x9d9 CMakeFiles/shijian.elf.dir/Drivers/STM32F1xx_HAL_Driver/Src/stm32f1xx_hal_rcc.c.obj
 .debug_info    0x0000b4b0     0x3b9c CMakeFiles/shijian.elf.dir/Drivers/STM32F1xx_HAL_Driver/Src/stm32f1xx_hal_tim.c.obj
 .debug_info    0x0000f04c     0x1a88 CMakeFiles/shijian.elf.dir/Drivers/STM32F1xx_HAL_Driver/Src/stm32f1xx_hal_tim_ex.c.obj
 .debug_info    0x00010ad4     0x3f54 CMakeFiles/shijian.elf.dir/Drivers/STM32F1xx_HAL_Driver/Src/stm32f1xx_hal_uart.c.obj
 .debug_info    0x00014a28      0xc2b CMakeFiles/shijian.elf.dir/mup0605/MPU6050.c.obj
 .debug_info    0x00015653     0x29f3 CMakeFiles/shijian.elf.dir/oled/OLED.c.obj

.debug_abbrev   0x00000000     0x3085
 .debug_abbrev  0x00000000      0x119 CMakeFiles/shijian.elf.dir/Core/Src/dma.c.obj
 .debug_abbrev  0x00000119      0x152 CMakeFiles/shijian.elf.dir/Core/Src/gpio.c.obj
 .debug_abbrev  0x0000026b      0x1fc CMakeFiles/shijian.elf.dir/Core/Src/i2c.c.obj
 .debug_abbrev  0x00000467      0x254 CMakeFiles/shijian.elf.dir/Core/Src/main.c.obj
 .debug_abbrev  0x000006bb      0x28c CMakeFiles/shijian.elf.dir/Core/Src/retarget.c.obj
 .debug_abbrev  0x00000947       0xed CMakeFiles/shijian.elf.dir/Core/Src/stm32f1xx_hal_msp.c.obj
 .debug_abbrev  0x00000a34      0x19d CMakeFiles/shijian.elf.dir/Core/Src/stm32f1xx_it.c.obj
 .debug_abbrev  0x00000bd1      0x1c1 CMakeFiles/shijian.elf.dir/Core/Src/syscalls.c.obj
 .debug_abbrev  0x00000d92       0xea CMakeFiles/shijian.elf.dir/Core/Src/sysmem.c.obj
 .debug_abbrev  0x00000e7c      0x143 CMakeFiles/shijian.elf.dir/Core/Src/system_stm32f1xx.c.obj
 .debug_abbrev  0x00000fbf      0x237 CMakeFiles/shijian.elf.dir/Core/Src/tim.c.obj
 .debug_abbrev  0x000011f6      0x211 CMakeFiles/shijian.elf.dir/Core/Src/usart.c.obj
 .debug_abbrev  0x00001407       0x24 CMakeFiles/shijian.elf.dir/Core/Startup/startup_stm32f103c8tx.s.obj
 .debug_abbrev  0x0000142b      0x22d CMakeFiles/shijian.elf.dir/Drivers/STM32F1xx_HAL_Driver/Src/stm32f1xx_hal.c.obj
 .debug_abbrev  0x00001658      0x36d CMakeFiles/shijian.elf.dir/Drivers/STM32F1xx_HAL_Driver/Src/stm32f1xx_hal_cortex.c.obj
 .debug_abbrev  0x000019c5      0x244 CMakeFiles/shijian.elf.dir/Drivers/STM32F1xx_HAL_Driver/Src/stm32f1xx_hal_dma.c.obj
 .debug_abbrev  0x00001c09      0x1f6 CMakeFiles/shijian.elf.dir/Drivers/STM32F1xx_HAL_Driver/Src/stm32f1xx_hal_gpio.c.obj
 .debug_abbrev  0x00001dff      0x2be CMakeFiles/shijian.elf.dir/Drivers/STM32F1xx_HAL_Driver/Src/stm32f1xx_hal_i2c.c.obj
 .debug_abbrev  0x000020bd      0x29f CMakeFiles/shijian.elf.dir/Drivers/STM32F1xx_HAL_Driver/Src/stm32f1xx_hal_rcc.c.obj
 .debug_abbrev  0x0000235c      0x270 CMakeFiles/shijian.elf.dir/Drivers/STM32F1xx_HAL_Driver/Src/stm32f1xx_hal_tim.c.obj
 .debug_abbrev  0x000025cc      0x26e CMakeFiles/shijian.elf.dir/Drivers/STM32F1xx_HAL_Driver/Src/stm32f1xx_hal_tim_ex.c.obj
 .debug_abbrev  0x0000283a      0x31c CMakeFiles/shijian.elf.dir/Drivers/STM32F1xx_HAL_Driver/Src/stm32f1xx_hal_uart.c.obj
 .debug_abbrev  0x00002b56      0x217 CMakeFiles/shijian.elf.dir/mup0605/MPU6050.c.obj
 .debug_abbrev  0x00002d6d      0x318 CMakeFiles/shijian.elf.dir/oled/OLED.c.obj

.debug_aranges  0x00000000     0x1158
 .debug_aranges
                0x00000000       0x20 CMakeFiles/shijian.elf.dir/Core/Src/dma.c.obj
 .debug_aranges
                0x00000020       0x20 CMakeFiles/shijian.elf.dir/Core/Src/gpio.c.obj
 .debug_aranges
                0x00000040       0x30 CMakeFiles/shijian.elf.dir/Core/Src/i2c.c.obj
 .debug_aranges
                0x00000070       0x38 CMakeFiles/shijian.elf.dir/Core/Src/main.c.obj
 .debug_aranges
                0x000000a8       0x30 CMakeFiles/shijian.elf.dir/Core/Src/retarget.c.obj
 .debug_aranges
                0x000000d8       0x20 CMakeFiles/shijian.elf.dir/Core/Src/stm32f1xx_hal_msp.c.obj
 .debug_aranges
                0x000000f8       0x78 CMakeFiles/shijian.elf.dir/Core/Src/stm32f1xx_it.c.obj
 .debug_aranges
                0x00000170       0xa8 CMakeFiles/shijian.elf.dir/Core/Src/syscalls.c.obj
 .debug_aranges
                0x00000218       0x20 CMakeFiles/shijian.elf.dir/Core/Src/sysmem.c.obj
 .debug_aranges
                0x00000238       0x28 CMakeFiles/shijian.elf.dir/Core/Src/system_stm32f1xx.c.obj
 .debug_aranges
                0x00000260       0x30 CMakeFiles/shijian.elf.dir/Core/Src/tim.c.obj
 .debug_aranges
                0x00000290       0x30 CMakeFiles/shijian.elf.dir/Core/Src/usart.c.obj
 .debug_aranges
                0x000002c0       0x28 CMakeFiles/shijian.elf.dir/Core/Startup/startup_stm32f103c8tx.s.obj
 .debug_aranges
                0x000002e8       0xe0 CMakeFiles/shijian.elf.dir/Drivers/STM32F1xx_HAL_Driver/Src/stm32f1xx_hal.c.obj
 .debug_aranges
                0x000003c8       0xc0 CMakeFiles/shijian.elf.dir/Drivers/STM32F1xx_HAL_Driver/Src/stm32f1xx_hal_cortex.c.obj
 .debug_aranges
                0x00000488       0x80 CMakeFiles/shijian.elf.dir/Drivers/STM32F1xx_HAL_Driver/Src/stm32f1xx_hal_dma.c.obj
 .debug_aranges
                0x00000508       0x58 CMakeFiles/shijian.elf.dir/Drivers/STM32F1xx_HAL_Driver/Src/stm32f1xx_hal_gpio.c.obj
 .debug_aranges
                0x00000560      0x2a8 CMakeFiles/shijian.elf.dir/Drivers/STM32F1xx_HAL_Driver/Src/stm32f1xx_hal_i2c.c.obj
 .debug_aranges
                0x00000808       0x90 CMakeFiles/shijian.elf.dir/Drivers/STM32F1xx_HAL_Driver/Src/stm32f1xx_hal_rcc.c.obj
 .debug_aranges
                0x00000898      0x3d0 CMakeFiles/shijian.elf.dir/Drivers/STM32F1xx_HAL_Driver/Src/stm32f1xx_hal_tim.c.obj
 .debug_aranges
                0x00000c68      0x168 CMakeFiles/shijian.elf.dir/Drivers/STM32F1xx_HAL_Driver/Src/stm32f1xx_hal_tim_ex.c.obj
 .debug_aranges
                0x00000dd0      0x208 CMakeFiles/shijian.elf.dir/Drivers/STM32F1xx_HAL_Driver/Src/stm32f1xx_hal_uart.c.obj
 .debug_aranges
                0x00000fd8       0x48 CMakeFiles/shijian.elf.dir/mup0605/MPU6050.c.obj
 .debug_aranges
                0x00001020      0x138 CMakeFiles/shijian.elf.dir/oled/OLED.c.obj

.debug_rnglists
                0x00000000      0xd4d
 .debug_rnglists
                0x00000000       0x13 CMakeFiles/shijian.elf.dir/Core/Src/dma.c.obj
 .debug_rnglists
                0x00000013       0x14 CMakeFiles/shijian.elf.dir/Core/Src/gpio.c.obj
 .debug_rnglists
                0x00000027       0x1f CMakeFiles/shijian.elf.dir/Core/Src/i2c.c.obj
 .debug_rnglists
                0x00000046       0x25 CMakeFiles/shijian.elf.dir/Core/Src/main.c.obj
 .debug_rnglists
                0x0000006b       0x1f CMakeFiles/shijian.elf.dir/Core/Src/retarget.c.obj
 .debug_rnglists
                0x0000008a       0x13 CMakeFiles/shijian.elf.dir/Core/Src/stm32f1xx_hal_msp.c.obj
 .debug_rnglists
                0x0000009d       0x55 CMakeFiles/shijian.elf.dir/Core/Src/stm32f1xx_it.c.obj
 .debug_rnglists
                0x000000f2       0x79 CMakeFiles/shijian.elf.dir/Core/Src/syscalls.c.obj
 .debug_rnglists
                0x0000016b       0x13 CMakeFiles/shijian.elf.dir/Core/Src/sysmem.c.obj
 .debug_rnglists
                0x0000017e       0x1a CMakeFiles/shijian.elf.dir/Core/Src/system_stm32f1xx.c.obj
 .debug_rnglists
                0x00000198       0x1f CMakeFiles/shijian.elf.dir/Core/Src/tim.c.obj
 .debug_rnglists
                0x000001b7       0x20 CMakeFiles/shijian.elf.dir/Core/Src/usart.c.obj
 .debug_rnglists
                0x000001d7       0x19 CMakeFiles/shijian.elf.dir/Core/Startup/startup_stm32f103c8tx.s.obj
 .debug_rnglists
                0x000001f0       0xa3 CMakeFiles/shijian.elf.dir/Drivers/STM32F1xx_HAL_Driver/Src/stm32f1xx_hal.c.obj
 .debug_rnglists
                0x00000293       0x8b CMakeFiles/shijian.elf.dir/Drivers/STM32F1xx_HAL_Driver/Src/stm32f1xx_hal_cortex.c.obj
 .debug_rnglists
                0x0000031e       0x5e CMakeFiles/shijian.elf.dir/Drivers/STM32F1xx_HAL_Driver/Src/stm32f1xx_hal_dma.c.obj
 .debug_rnglists
                0x0000037c       0x3f CMakeFiles/shijian.elf.dir/Drivers/STM32F1xx_HAL_Driver/Src/stm32f1xx_hal_gpio.c.obj
 .debug_rnglists
                0x000003bb      0x236 CMakeFiles/shijian.elf.dir/Drivers/STM32F1xx_HAL_Driver/Src/stm32f1xx_hal_i2c.c.obj
 .debug_rnglists
                0x000005f1       0x7d CMakeFiles/shijian.elf.dir/Drivers/STM32F1xx_HAL_Driver/Src/stm32f1xx_hal_rcc.c.obj
 .debug_rnglists
                0x0000066e      0x2ff CMakeFiles/shijian.elf.dir/Drivers/STM32F1xx_HAL_Driver/Src/stm32f1xx_hal_tim.c.obj
 .debug_rnglists
                0x0000096d      0x11a CMakeFiles/shijian.elf.dir/Drivers/STM32F1xx_HAL_Driver/Src/stm32f1xx_hal_tim_ex.c.obj
 .debug_rnglists
                0x00000a87      0x1a1 CMakeFiles/shijian.elf.dir/Drivers/STM32F1xx_HAL_Driver/Src/stm32f1xx_hal_uart.c.obj
 .debug_rnglists
                0x00000c28       0x34 CMakeFiles/shijian.elf.dir/mup0605/MPU6050.c.obj
 .debug_rnglists
                0x00000c5c       0xf1 CMakeFiles/shijian.elf.dir/oled/OLED.c.obj

.debug_line     0x00000000    0x174de
 .debug_line    0x00000000      0x241 CMakeFiles/shijian.elf.dir/Core/Src/dma.c.obj
 .debug_line    0x00000241      0x2bc CMakeFiles/shijian.elf.dir/Core/Src/gpio.c.obj
 .debug_line    0x000004fd      0x39d CMakeFiles/shijian.elf.dir/Core/Src/i2c.c.obj
 .debug_line    0x0000089a      0x4fa CMakeFiles/shijian.elf.dir/Core/Src/main.c.obj
 .debug_line    0x00000d94      0x3bd CMakeFiles/shijian.elf.dir/Core/Src/retarget.c.obj
 .debug_line    0x00001151      0x1f8 CMakeFiles/shijian.elf.dir/Core/Src/stm32f1xx_hal_msp.c.obj
 .debug_line    0x00001349      0x3bd CMakeFiles/shijian.elf.dir/Core/Src/stm32f1xx_it.c.obj
 .debug_line    0x00001706      0x458 CMakeFiles/shijian.elf.dir/Core/Src/syscalls.c.obj
 .debug_line    0x00001b5e      0x235 CMakeFiles/shijian.elf.dir/Core/Src/sysmem.c.obj
 .debug_line    0x00001d93      0x2c2 CMakeFiles/shijian.elf.dir/Core/Src/system_stm32f1xx.c.obj
 .debug_line    0x00002055      0x3b8 CMakeFiles/shijian.elf.dir/Core/Src/tim.c.obj
 .debug_line    0x0000240d      0x45b CMakeFiles/shijian.elf.dir/Core/Src/usart.c.obj
 .debug_line    0x00002868       0x78 CMakeFiles/shijian.elf.dir/Core/Startup/startup_stm32f103c8tx.s.obj
 .debug_line    0x000028e0      0x5f2 CMakeFiles/shijian.elf.dir/Drivers/STM32F1xx_HAL_Driver/Src/stm32f1xx_hal.c.obj
 .debug_line    0x00002ed2      0x771 CMakeFiles/shijian.elf.dir/Drivers/STM32F1xx_HAL_Driver/Src/stm32f1xx_hal_cortex.c.obj
 .debug_line    0x00003643      0xafa CMakeFiles/shijian.elf.dir/Drivers/STM32F1xx_HAL_Driver/Src/stm32f1xx_hal_dma.c.obj
 .debug_line    0x0000413d      0x64b CMakeFiles/shijian.elf.dir/Drivers/STM32F1xx_HAL_Driver/Src/stm32f1xx_hal_gpio.c.obj
 .debug_line    0x00004788     0x575d CMakeFiles/shijian.elf.dir/Drivers/STM32F1xx_HAL_Driver/Src/stm32f1xx_hal_i2c.c.obj
 .debug_line    0x00009ee5      0xcb6 CMakeFiles/shijian.elf.dir/Drivers/STM32F1xx_HAL_Driver/Src/stm32f1xx_hal_rcc.c.obj
 .debug_line    0x0000ab9b     0x499a CMakeFiles/shijian.elf.dir/Drivers/STM32F1xx_HAL_Driver/Src/stm32f1xx_hal_tim.c.obj
 .debug_line    0x0000f535     0x1ccf CMakeFiles/shijian.elf.dir/Drivers/STM32F1xx_HAL_Driver/Src/stm32f1xx_hal_tim_ex.c.obj
 .debug_line    0x00011204     0x4364 CMakeFiles/shijian.elf.dir/Drivers/STM32F1xx_HAL_Driver/Src/stm32f1xx_hal_uart.c.obj
 .debug_line    0x00015568      0x466 CMakeFiles/shijian.elf.dir/mup0605/MPU6050.c.obj
 .debug_line    0x000159ce     0x1b10 CMakeFiles/shijian.elf.dir/oled/OLED.c.obj

.debug_str      0x00000000     0x5066
 .debug_str     0x00000000      0x4ed CMakeFiles/shijian.elf.dir/Core/Src/dma.c.obj
                                0x52a (size before relaxing)
 .debug_str     0x000004ed       0xd3 CMakeFiles/shijian.elf.dir/Core/Src/gpio.c.obj
                                0x2cb (size before relaxing)
 .debug_str     0x000005c0      0x4e1 CMakeFiles/shijian.elf.dir/Core/Src/i2c.c.obj
                                0x786 (size before relaxing)
 .debug_str     0x00000aa1      0x6a7 CMakeFiles/shijian.elf.dir/Core/Src/main.c.obj
                                0xb22 (size before relaxing)
 .debug_str     0x00001148      0x36f CMakeFiles/shijian.elf.dir/Core/Src/retarget.c.obj
                                0x98c (size before relaxing)
 .debug_str     0x000014b7       0x7b CMakeFiles/shijian.elf.dir/Core/Src/stm32f1xx_hal_msp.c.obj
                                0x25f (size before relaxing)
 .debug_str     0x00001532      0x15e CMakeFiles/shijian.elf.dir/Core/Src/stm32f1xx_it.c.obj
                                0x7b6 (size before relaxing)
 .debug_str     0x00001690      0x206 CMakeFiles/shijian.elf.dir/Core/Src/syscalls.c.obj
                                0x42c (size before relaxing)
 .debug_str     0x00001896       0x96 CMakeFiles/shijian.elf.dir/Core/Src/sysmem.c.obj
                                0x258 (size before relaxing)
 .debug_str     0x0000192c       0x9f CMakeFiles/shijian.elf.dir/Core/Src/system_stm32f1xx.c.obj
                                0x294 (size before relaxing)
 .debug_str     0x000019cb      0x171 CMakeFiles/shijian.elf.dir/Core/Src/tim.c.obj
                                0xb75 (size before relaxing)
 .debug_str     0x00001b3c       0x8e CMakeFiles/shijian.elf.dir/Core/Src/usart.c.obj
                                0x74c (size before relaxing)
 .debug_str     0x00001bca       0x65 CMakeFiles/shijian.elf.dir/Core/Startup/startup_stm32f103c8tx.s.obj
                                 0xa8 (size before relaxing)
 .debug_str     0x00001c2f      0x318 CMakeFiles/shijian.elf.dir/Drivers/STM32F1xx_HAL_Driver/Src/stm32f1xx_hal.c.obj
                                0x86e (size before relaxing)
 .debug_str     0x00001f47      0x3b5 CMakeFiles/shijian.elf.dir/Drivers/STM32F1xx_HAL_Driver/Src/stm32f1xx_hal_cortex.c.obj
                                0x913 (size before relaxing)
 .debug_str     0x000022fc      0x231 CMakeFiles/shijian.elf.dir/Drivers/STM32F1xx_HAL_Driver/Src/stm32f1xx_hal_dma.c.obj
                                0x63d (size before relaxing)
 .debug_str     0x0000252d      0x128 CMakeFiles/shijian.elf.dir/Drivers/STM32F1xx_HAL_Driver/Src/stm32f1xx_hal_gpio.c.obj
                                0x440 (size before relaxing)
 .debug_str     0x00002655      0x8ea CMakeFiles/shijian.elf.dir/Drivers/STM32F1xx_HAL_Driver/Src/stm32f1xx_hal_i2c.c.obj
                               0x1005 (size before relaxing)
 .debug_str     0x00002f3f      0x1f5 CMakeFiles/shijian.elf.dir/Drivers/STM32F1xx_HAL_Driver/Src/stm32f1xx_hal_rcc.c.obj
                                0x66b (size before relaxing)
 .debug_str     0x00003134      0xe65 CMakeFiles/shijian.elf.dir/Drivers/STM32F1xx_HAL_Driver/Src/stm32f1xx_hal_tim.c.obj
                               0x16c5 (size before relaxing)
 .debug_str     0x00003f99      0x50f CMakeFiles/shijian.elf.dir/Drivers/STM32F1xx_HAL_Driver/Src/stm32f1xx_hal_tim_ex.c.obj
                                0xed1 (size before relaxing)
 .debug_str     0x000044a8      0x5ff CMakeFiles/shijian.elf.dir/Drivers/STM32F1xx_HAL_Driver/Src/stm32f1xx_hal_uart.c.obj
                                0xd34 (size before relaxing)
 .debug_str     0x00004aa7      0x127 CMakeFiles/shijian.elf.dir/mup0605/MPU6050.c.obj
                                0x810 (size before relaxing)
 .debug_str     0x00004bce      0x498 CMakeFiles/shijian.elf.dir/oled/OLED.c.obj
                                0x7af (size before relaxing)

.comment        0x00000000       0x43
 .comment       0x00000000       0x43 CMakeFiles/shijian.elf.dir/Core/Src/dma.c.obj
                                 0x44 (size before relaxing)
 .comment       0x00000043       0x44 CMakeFiles/shijian.elf.dir/Core/Src/gpio.c.obj
 .comment       0x00000043       0x44 CMakeFiles/shijian.elf.dir/Core/Src/i2c.c.obj
 .comment       0x00000043       0x44 CMakeFiles/shijian.elf.dir/Core/Src/main.c.obj
 .comment       0x00000043       0x44 CMakeFiles/shijian.elf.dir/Core/Src/retarget.c.obj
 .comment       0x00000043       0x44 CMakeFiles/shijian.elf.dir/Core/Src/stm32f1xx_hal_msp.c.obj
 .comment       0x00000043       0x44 CMakeFiles/shijian.elf.dir/Core/Src/stm32f1xx_it.c.obj
 .comment       0x00000043       0x44 CMakeFiles/shijian.elf.dir/Core/Src/syscalls.c.obj
 .comment       0x00000043       0x44 CMakeFiles/shijian.elf.dir/Core/Src/sysmem.c.obj
 .comment       0x00000043       0x44 CMakeFiles/shijian.elf.dir/Core/Src/system_stm32f1xx.c.obj
 .comment       0x00000043       0x44 CMakeFiles/shijian.elf.dir/Core/Src/tim.c.obj
 .comment       0x00000043       0x44 CMakeFiles/shijian.elf.dir/Core/Src/usart.c.obj
 .comment       0x00000043       0x44 CMakeFiles/shijian.elf.dir/Drivers/STM32F1xx_HAL_Driver/Src/stm32f1xx_hal.c.obj
 .comment       0x00000043       0x44 CMakeFiles/shijian.elf.dir/Drivers/STM32F1xx_HAL_Driver/Src/stm32f1xx_hal_cortex.c.obj
 .comment       0x00000043       0x44 CMakeFiles/shijian.elf.dir/Drivers/STM32F1xx_HAL_Driver/Src/stm32f1xx_hal_dma.c.obj
 .comment       0x00000043       0x44 CMakeFiles/shijian.elf.dir/Drivers/STM32F1xx_HAL_Driver/Src/stm32f1xx_hal_gpio.c.obj
 .comment       0x00000043       0x44 CMakeFiles/shijian.elf.dir/Drivers/STM32F1xx_HAL_Driver/Src/stm32f1xx_hal_i2c.c.obj
 .comment       0x00000043       0x44 CMakeFiles/shijian.elf.dir/Drivers/STM32F1xx_HAL_Driver/Src/stm32f1xx_hal_rcc.c.obj
 .comment       0x00000043       0x44 CMakeFiles/shijian.elf.dir/Drivers/STM32F1xx_HAL_Driver/Src/stm32f1xx_hal_tim.c.obj
 .comment       0x00000043       0x44 CMakeFiles/shijian.elf.dir/Drivers/STM32F1xx_HAL_Driver/Src/stm32f1xx_hal_tim_ex.c.obj
 .comment       0x00000043       0x44 CMakeFiles/shijian.elf.dir/Drivers/STM32F1xx_HAL_Driver/Src/stm32f1xx_hal_uart.c.obj
 .comment       0x00000043       0x44 CMakeFiles/shijian.elf.dir/mup0605/MPU6050.c.obj
 .comment       0x00000043       0x44 CMakeFiles/shijian.elf.dir/oled/OLED.c.obj

.debug_frame    0x00000000     0x37e0
 .debug_frame   0x00000000       0x2c CMakeFiles/shijian.elf.dir/Core/Src/dma.c.obj
 .debug_frame   0x0000002c       0x38 CMakeFiles/shijian.elf.dir/Core/Src/gpio.c.obj
 .debug_frame   0x00000064       0x60 CMakeFiles/shijian.elf.dir/Core/Src/i2c.c.obj
 .debug_frame   0x000000c4       0x68 CMakeFiles/shijian.elf.dir/Core/Src/main.c.obj
 .debug_frame   0x0000012c       0x60 CMakeFiles/shijian.elf.dir/Core/Src/retarget.c.obj
 .debug_frame   0x0000018c       0x28 CMakeFiles/shijian.elf.dir/Core/Src/stm32f1xx_hal_msp.c.obj
 .debug_frame   0x000001b4       0xf0 CMakeFiles/shijian.elf.dir/Core/Src/stm32f1xx_it.c.obj
 .debug_frame   0x000002a4      0x190 CMakeFiles/shijian.elf.dir/Core/Src/syscalls.c.obj
 .debug_frame   0x00000434       0x28 CMakeFiles/shijian.elf.dir/Core/Src/sysmem.c.obj
 .debug_frame   0x0000045c       0x30 CMakeFiles/shijian.elf.dir/Core/Src/system_stm32f1xx.c.obj
 .debug_frame   0x0000048c       0x64 CMakeFiles/shijian.elf.dir/Core/Src/tim.c.obj
 .debug_frame   0x000004f0       0x64 CMakeFiles/shijian.elf.dir/Core/Src/usart.c.obj
 .debug_frame   0x00000554      0x1cc CMakeFiles/shijian.elf.dir/Drivers/STM32F1xx_HAL_Driver/Src/stm32f1xx_hal.c.obj
 .debug_frame   0x00000720      0x19c CMakeFiles/shijian.elf.dir/Drivers/STM32F1xx_HAL_Driver/Src/stm32f1xx_hal_cortex.c.obj
 .debug_frame   0x000008bc      0x144 CMakeFiles/shijian.elf.dir/Drivers/STM32F1xx_HAL_Driver/Src/stm32f1xx_hal_dma.c.obj
 .debug_frame   0x00000a00       0xe4 CMakeFiles/shijian.elf.dir/Drivers/STM32F1xx_HAL_Driver/Src/stm32f1xx_hal_gpio.c.obj
 .debug_frame   0x00000ae4      0x988 CMakeFiles/shijian.elf.dir/Drivers/STM32F1xx_HAL_Driver/Src/stm32f1xx_hal_i2c.c.obj
 .debug_frame   0x0000146c      0x184 CMakeFiles/shijian.elf.dir/Drivers/STM32F1xx_HAL_Driver/Src/stm32f1xx_hal_rcc.c.obj
 .debug_frame   0x000015f0      0xb18 CMakeFiles/shijian.elf.dir/Drivers/STM32F1xx_HAL_Driver/Src/stm32f1xx_hal_tim.c.obj
 .debug_frame   0x00002108      0x40c CMakeFiles/shijian.elf.dir/Drivers/STM32F1xx_HAL_Driver/Src/stm32f1xx_hal_tim_ex.c.obj
 .debug_frame   0x00002514      0x5dc CMakeFiles/shijian.elf.dir/Drivers/STM32F1xx_HAL_Driver/Src/stm32f1xx_hal_uart.c.obj
 .debug_frame   0x00002af0       0xd0 CMakeFiles/shijian.elf.dir/mup0605/MPU6050.c.obj
 .debug_frame   0x00002bc0      0x490 CMakeFiles/shijian.elf.dir/oled/OLED.c.obj
 .debug_frame   0x00003050      0x144 D:/STM32CubeCLT_1.16.0/GNU-tools-for-STM32/bin/../lib/gcc/arm-none-eabi/12.3.1/../../../../arm-none-eabi/lib/thumb/v7-m/nofp\libc.a(libc_a-findfp.o)
 .debug_frame   0x00003194       0x34 D:/STM32CubeCLT_1.16.0/GNU-tools-for-STM32/bin/../lib/gcc/arm-none-eabi/12.3.1/../../../../arm-none-eabi/lib/thumb/v7-m/nofp\libc.a(libc_a-fwalk.o)
 .debug_frame   0x000031c8       0x38 D:/STM32CubeCLT_1.16.0/GNU-tools-for-STM32/bin/../lib/gcc/arm-none-eabi/12.3.1/../../../../arm-none-eabi/lib/thumb/v7-m/nofp\libc.a(libc_a-setvbuf.o)
 .debug_frame   0x00003200       0x88 D:/STM32CubeCLT_1.16.0/GNU-tools-for-STM32/bin/../lib/gcc/arm-none-eabi/12.3.1/../../../../arm-none-eabi/lib/thumb/v7-m/nofp\libc.a(libc_a-stdio.o)
 .debug_frame   0x00003288       0x20 D:/STM32CubeCLT_1.16.0/GNU-tools-for-STM32/bin/../lib/gcc/arm-none-eabi/12.3.1/../../../../arm-none-eabi/lib/thumb/v7-m/nofp\libc.a(libc_a-memset.o)
 .debug_frame   0x000032a8       0x2c D:/STM32CubeCLT_1.16.0/GNU-tools-for-STM32/bin/../lib/gcc/arm-none-eabi/12.3.1/../../../../arm-none-eabi/lib/thumb/v7-m/nofp\libc.a(libc_a-closer.o)
 .debug_frame   0x000032d4       0x38 D:/STM32CubeCLT_1.16.0/GNU-tools-for-STM32/bin/../lib/gcc/arm-none-eabi/12.3.1/../../../../arm-none-eabi/lib/thumb/v7-m/nofp\libc.a(libc_a-reent.o)
 .debug_frame   0x0000330c       0x2c D:/STM32CubeCLT_1.16.0/GNU-tools-for-STM32/bin/../lib/gcc/arm-none-eabi/12.3.1/../../../../arm-none-eabi/lib/thumb/v7-m/nofp\libc.a(libc_a-lseekr.o)
 .debug_frame   0x00003338       0x2c D:/STM32CubeCLT_1.16.0/GNU-tools-for-STM32/bin/../lib/gcc/arm-none-eabi/12.3.1/../../../../arm-none-eabi/lib/thumb/v7-m/nofp\libc.a(libc_a-readr.o)
 .debug_frame   0x00003364       0x2c D:/STM32CubeCLT_1.16.0/GNU-tools-for-STM32/bin/../lib/gcc/arm-none-eabi/12.3.1/../../../../arm-none-eabi/lib/thumb/v7-m/nofp\libc.a(libc_a-writer.o)
 .debug_frame   0x00003390       0x20 D:/STM32CubeCLT_1.16.0/GNU-tools-for-STM32/bin/../lib/gcc/arm-none-eabi/12.3.1/../../../../arm-none-eabi/lib/thumb/v7-m/nofp\libc.a(libc_a-errno.o)
 .debug_frame   0x000033b0       0x2c D:/STM32CubeCLT_1.16.0/GNU-tools-for-STM32/bin/../lib/gcc/arm-none-eabi/12.3.1/../../../../arm-none-eabi/lib/thumb/v7-m/nofp\libc.a(libc_a-init.o)
 .debug_frame   0x000033dc       0xb0 D:/STM32CubeCLT_1.16.0/GNU-tools-for-STM32/bin/../lib/gcc/arm-none-eabi/12.3.1/../../../../arm-none-eabi/lib/thumb/v7-m/nofp\libc.a(libc_a-lock.o)
 .debug_frame   0x0000348c       0x58 D:/STM32CubeCLT_1.16.0/GNU-tools-for-STM32/bin/../lib/gcc/arm-none-eabi/12.3.1/../../../../arm-none-eabi/lib/thumb/v7-m/nofp\libc.a(libc_a-__call_atexit.o)
 .debug_frame   0x000034e4       0x20 D:/STM32CubeCLT_1.16.0/GNU-tools-for-STM32/bin/../lib/gcc/arm-none-eabi/12.3.1/../../../../arm-none-eabi/lib/thumb/v7-m/nofp\libc.a(libc_a-atexit.o)
 .debug_frame   0x00003504       0x60 D:/STM32CubeCLT_1.16.0/GNU-tools-for-STM32/bin/../lib/gcc/arm-none-eabi/12.3.1/../../../../arm-none-eabi/lib/thumb/v7-m/nofp\libc.a(libc_a-freer.o)
 .debug_frame   0x00003564       0x30 D:/STM32CubeCLT_1.16.0/GNU-tools-for-STM32/bin/../lib/gcc/arm-none-eabi/12.3.1/../../../../arm-none-eabi/lib/thumb/v7-m/nofp\libc.a(libc_a-malloc.o)
 .debug_frame   0x00003594       0x40 D:/STM32CubeCLT_1.16.0/GNU-tools-for-STM32/bin/../lib/gcc/arm-none-eabi/12.3.1/../../../../arm-none-eabi/lib/thumb/v7-m/nofp\libc.a(libc_a-mallocr.o)
 .debug_frame   0x000035d4       0x30 D:/STM32CubeCLT_1.16.0/GNU-tools-for-STM32/bin/../lib/gcc/arm-none-eabi/12.3.1/../../../../arm-none-eabi/lib/thumb/v7-m/nofp\libc.a(libc_a-mlock.o)
 .debug_frame   0x00003604       0x3c D:/STM32CubeCLT_1.16.0/GNU-tools-for-STM32/bin/../lib/gcc/arm-none-eabi/12.3.1/../../../../arm-none-eabi/lib/thumb/v7-m/nofp\libc.a(libc_a-fclose.o)
 .debug_frame   0x00003640       0x5c D:/STM32CubeCLT_1.16.0/GNU-tools-for-STM32/bin/../lib/gcc/arm-none-eabi/12.3.1/../../../../arm-none-eabi/lib/thumb/v7-m/nofp\libc.a(libc_a-fflush.o)
 .debug_frame   0x0000369c       0x58 D:/STM32CubeCLT_1.16.0/GNU-tools-for-STM32/bin/../lib/gcc/arm-none-eabi/12.3.1/../../../../arm-none-eabi/lib/thumb/v7-m/nofp\libc.a(libc_a-makebuf.o)
 .debug_frame   0x000036f4       0x2c D:/STM32CubeCLT_1.16.0/GNU-tools-for-STM32/bin/../lib/gcc/arm-none-eabi/12.3.1/../../../../arm-none-eabi/lib/thumb/v7-m/nofp\libc.a(libc_a-fstatr.o)
 .debug_frame   0x00003720       0x2c D:/STM32CubeCLT_1.16.0/GNU-tools-for-STM32/bin/../lib/gcc/arm-none-eabi/12.3.1/../../../../arm-none-eabi/lib/thumb/v7-m/nofp\libc.a(libc_a-sbrkr.o)
 .debug_frame   0x0000374c       0x38 D:/STM32CubeCLT_1.16.0/GNU-tools-for-STM32/bin/../lib/gcc/arm-none-eabi/12.3.1/../../../../arm-none-eabi/lib/thumb/v7-m/nofp\libc.a(libc_a-fini.o)
 .debug_frame   0x00003784       0x28 D:/STM32CubeCLT_1.16.0/GNU-tools-for-STM32/bin/../lib/gcc/arm-none-eabi/12.3.1/../../../../arm-none-eabi/lib/thumb/v7-m/nofp\libc.a(libc_a-sysconf.o)
 .debug_frame   0x000037ac       0x34 D:/STM32CubeCLT_1.16.0/GNU-tools-for-STM32/bin/../lib/gcc/arm-none-eabi/12.3.1/../../../../arm-none-eabi/lib/thumb/v7-m/nofp\libc.a(libc_a-__atexit.o)

.debug_loclists
                0x00000000     0xc91b
 .debug_loclists
                0x00000000       0x4b CMakeFiles/shijian.elf.dir/Core/Src/i2c.c.obj
 .debug_loclists
                0x0000004b       0x43 CMakeFiles/shijian.elf.dir/Core/Src/retarget.c.obj
 .debug_loclists
                0x0000008e       0x17 CMakeFiles/shijian.elf.dir/Core/Src/stm32f1xx_hal_msp.c.obj
 .debug_loclists
                0x000000a5      0x25b CMakeFiles/shijian.elf.dir/Core/Src/syscalls.c.obj
 .debug_loclists
                0x00000300       0x46 CMakeFiles/shijian.elf.dir/Core/Src/sysmem.c.obj
 .debug_loclists
                0x00000346       0xa5 CMakeFiles/shijian.elf.dir/Core/Src/system_stm32f1xx.c.obj
 .debug_loclists
                0x000003eb       0x4b CMakeFiles/shijian.elf.dir/Core/Src/tim.c.obj
 .debug_loclists
                0x00000436       0x50 CMakeFiles/shijian.elf.dir/Core/Src/usart.c.obj
 .debug_loclists
                0x00000486       0xc9 CMakeFiles/shijian.elf.dir/Drivers/STM32F1xx_HAL_Driver/Src/stm32f1xx_hal.c.obj
 .debug_loclists
                0x0000054f      0x422 CMakeFiles/shijian.elf.dir/Drivers/STM32F1xx_HAL_Driver/Src/stm32f1xx_hal_cortex.c.obj
 .debug_loclists
                0x00000971      0x4c7 CMakeFiles/shijian.elf.dir/Drivers/STM32F1xx_HAL_Driver/Src/stm32f1xx_hal_dma.c.obj
 .debug_loclists
                0x00000e38      0x2e8 CMakeFiles/shijian.elf.dir/Drivers/STM32F1xx_HAL_Driver/Src/stm32f1xx_hal_gpio.c.obj
 .debug_loclists
                0x00001120     0x2b72 CMakeFiles/shijian.elf.dir/Drivers/STM32F1xx_HAL_Driver/Src/stm32f1xx_hal_i2c.c.obj
 .debug_loclists
                0x00003c92      0x3f8 CMakeFiles/shijian.elf.dir/Drivers/STM32F1xx_HAL_Driver/Src/stm32f1xx_hal_rcc.c.obj
 .debug_loclists
                0x0000408a     0x334a CMakeFiles/shijian.elf.dir/Drivers/STM32F1xx_HAL_Driver/Src/stm32f1xx_hal_tim.c.obj
 .debug_loclists
                0x000073d4     0x124c CMakeFiles/shijian.elf.dir/Drivers/STM32F1xx_HAL_Driver/Src/stm32f1xx_hal_tim_ex.c.obj
 .debug_loclists
                0x00008620     0x29ee CMakeFiles/shijian.elf.dir/Drivers/STM32F1xx_HAL_Driver/Src/stm32f1xx_hal_uart.c.obj
 .debug_loclists
                0x0000b00e      0x140 CMakeFiles/shijian.elf.dir/mup0605/MPU6050.c.obj
 .debug_loclists
                0x0000b14e     0x17cd CMakeFiles/shijian.elf.dir/oled/OLED.c.obj

.debug_line_str
                0x00000000       0x8c
 .debug_line_str
                0x00000000       0x8c CMakeFiles/shijian.elf.dir/Core/Startup/startup_stm32f103c8tx.s.obj
